Microchip MPLAB XC8 Compiler V2.05 ()

Linker command line:

-W-3 --edf=C:\Program Files (x86)\Microchip\xc8\v2.05\pic\dat\en_msgs.txt \
  -cs -h+dist/default/production\Project.production.sym \
  --cmf=dist/default/production\Project.production.cmf -z -Q18F452 \
  -oC:\Users\SC026~1.AMM\AppData\Local\Temp\s13m4.2 \
  --defsym=__MPLAB_BUILD=1 -Mdist/default/production/Project.production.map \
  -E1 -ver=XC8 --acfsm=1493 -ASTACK=0B0h-05FFh -pstack=STACK \
  -ACODE=00h-03FFFhx2 -ACONST=00h-07FFFh -ASMALLCONST=0600h-06FFhx122 \
  -AMEDIUMCONST=0600h-07FFFh -ACOMRAM=01h-07Fh -AABS1=00h-05FFh \
  -ABIGRAM=01h-05FFh -ARAM=080h-0FFh,0100h-01FFhx5 -ABANK0=080h-0FFh \
  -ABANK1=0100h-01FFh -ABANK2=0200h-02FFh -ABANK3=0300h-03FFh \
  -ABANK4=0400h-04FFh -ABANK5=0500h-05FFh -ASFR=0F80h-0FFFh \
  -preset_vec=00h,intcode=08h,intcodelo,powerup,init -pramtop=0600h \
  -psmallconst=SMALLCONST -pmediumconst=MEDIUMCONST -pconst=CONST \
  -AFARRAM=00h-00h -ACONFIG=0300000h-030000Dh -pconfig=CONFIG \
  -AIDLOC=0200000h-0200007h -pidloc=IDLOC -AEEDATA=0F00000h-0F000FFh \
  -peeprom_data=EEDATA \
  -prdata=COMRAM,nvrram=COMRAM,nvbit=COMRAM,rbss=COMRAM,rbit=COMRAM \
  -pfarbss=FARRAM,fardata=FARRAM,nvFARRAM=FARRAM \
  -pintsave_regs=BIGRAM,bigbss=BIGRAM,bigdata=BIGRAM -pbss=RAM \
  -pidata=CODE,irdata=CODE,ibigdata=CODE,ifardata=CODE -prparam=COMRAM \
  C:\Users\SC026~1.AMM\AppData\Local\Temp\s13m4.o \
  dist/default/production\Project.production.o 

Object code version is 3.11

Machine type is 18F452

Call graph: (short form)




                Name                               Link     Load   Length Selector   Space Scale
C:\Users\SC026~1.AMM\AppData\Local\Temp\s13m4.o
                text                                F74      F74        2      759       0
                init                                126      126        4        4       0
                reset_vec                             0        0        6        0       0
                idloc                            200000   200000        8   200000       0
                config                           300000   300000        E   300000       0
dist/default/production\Project.production.o
                intcode                               8        8      11E        4       0
                temp                                 6B       6B        1        1       1
                text40                              EB2      EB2       14      759       0
                text39                              E86      E86       16      6D9       0
                text38                              F20      F20       12      759       0
                text37                              E70      E70       16      6D9       0
                text36                              F0E      F0E       12      759       0
                text35                              E5A      E5A       16      6D9       0
                text34                              EFC      EFC       12      759       0
                text33                              EEA      EEA       12      759       0
                text32                              ED8      ED8       12      759       0
                text30                              B74      B74       72        4       0
                text29                              E00      E00       18      6D9       0
                text28                              5B6      5B6      156        4       0
                text27                              CE0      CE0       34        4       0
                text26                              F4E      F4E        E      759       0
                text25                              F40      F40        E      759       0
                text24                              F32      F32        E      759       0
                text23                              D66      D66       26        4       0
                text22                              460      460      156        4       0
                text21                              D3E      D3E       28        4       0
                text20                              7EC      7EC       AE        4       0
                text19                              E44      E44       16      6D9       0
                text18                              DE6      DE6       1A      6D9       0
                text17                              F6C      F6C        8      759       0
                text16                              9CA      9CA       94        4       0
                text15                              E2E      E2E       16      6D9       0
                text14                              DCC      DCC       1A      6D9       0
                text13                              F64      F64        8      759       0
                text12                              A5E      A5E       92        4       0
                text11                              E18      E18       16      6D9       0
                text10                              DB2      DB2       1A      6D9       0
                text9                               F5C      F5C        8      759       0
                text8                               70C      70C       E0        4       0
                text7                               CAC      CAC       34        4       0
                text6                               EC6      EC6       12      759       0
                text5                               932      932       98        4       0
                text4                               AF0      AF0       84        4       0
                text3                               89A      89A       98        4       0
                text2                               C4C      C4C       60        4       0
                text1                               D14      D14       2A        4       0
                text0                               12A      12A      336        4       0
                cstackCOMRAM                         51       51       1A        1       1
                cstackBANK0                          95       95       13       80       1
                dataBANK0                            80       80       15       80       1
                bssBANK0                             A8       A8        8       80       1
                dataCOMRAM                           2C       2C       25        1       1
                bssCOMRAM                             1        1       2B        1       1
                cinit                               BE6      BE6       66        4       0
                idataBANK0                          E9C      E9C       15      6D9       0
                idataCOMRAM                         D8C      D8C       25        4       0

TOTAL           Name                               Link     Load   Length     Space
        CLASS   STACK          

        CLASS   CODE           
                intcode                               8        8      11E         0
                text                                F74      F74        2         0
                init                                126      126        4         0
                reset_vec                             0        0        6         0
                text40                              EB2      EB2       14         0
                text39                              E86      E86       16         0
                text38                              F20      F20       12         0
                text37                              E70      E70       16         0
                text36                              F0E      F0E       12         0
                text35                              E5A      E5A       16         0
                text34                              EFC      EFC       12         0
                text33                              EEA      EEA       12         0
                text32                              ED8      ED8       12         0
                text30                              B74      B74       72         0
                text29                              E00      E00       18         0
                text28                              5B6      5B6      156         0
                text27                              CE0      CE0       34         0
                text26                              F4E      F4E        E         0
                text25                              F40      F40        E         0
                text24                              F32      F32        E         0
                text23                              D66      D66       26         0
                text22                              460      460      156         0
                text21                              D3E      D3E       28         0
                text20                              7EC      7EC       AE         0
                text19                              E44      E44       16         0
                text18                              DE6      DE6       1A         0
                text17                              F6C      F6C        8         0
                text16                              9CA      9CA       94         0
                text15                              E2E      E2E       16         0
                text14                              DCC      DCC       1A         0
                text13                              F64      F64        8         0
                text12                              A5E      A5E       92         0
                text11                              E18      E18       16         0
                text10                              DB2      DB2       1A         0
                text9                               F5C      F5C        8         0
                text8                               70C      70C       E0         0
                text7                               CAC      CAC       34         0
                text6                               EC6      EC6       12         0
                text5                               932      932       98         0
                text4                               AF0      AF0       84         0
                text3                               89A      89A       98         0
                text2                               C4C      C4C       60         0
                text1                               D14      D14       2A         0
                text0                               12A      12A      336         0
                cinit                               BE6      BE6       66         0
                idataBANK0                          E9C      E9C       15         0
                idataCOMRAM                         D8C      D8C       25         0

        CLASS   CONST          

        CLASS   SMALLCONST     

        CLASS   MEDIUMCONST    

        CLASS   COMRAM         
                temp                                 6B       6B        1         1
                cstackCOMRAM                         51       51       1A         1
                dataCOMRAM                           2C       2C       25         1
                bssCOMRAM                             1        1       2B         1

        CLASS   ABS1           

        CLASS   BIGRAM         

        CLASS   RAM            

        CLASS   BANK0          
                cstackBANK0                          95       95       13         1
                dataBANK0                            80       80       15         1
                bssBANK0                             A8       A8        8         1

        CLASS   BANK1          

        CLASS   BANK2          

        CLASS   BANK3          

        CLASS   BANK4          

        CLASS   BANK5          

        CLASS   SFR            

        CLASS   FARRAM         

        CLASS   CONFIG         
                config                           300000   300000        E         0

        CLASS   IDLOC          
                idloc                            200000   200000        8         0

        CLASS   EEDATA         



SEGMENTS        Name                           Load    Length   Top    Selector   Space  Class

                reset_vec                      000000  000006  000006         0       0  CODE    
                bssCOMRAM                      000001  00006B  00006C         1       1  COMRAM  
                intcode                        000008  000DA9  000DB1         4       0  CODE    
                dataBANK0                      000080  000030  0000B0        80       1  BANK0   
                text10                         000DB2  0000FF  000EB1       6D9       0  CODE    
                text40                         000EB2  0000C4  000F76       759       0  CODE    
                idloc                          200000  000008  200008    200000       0  IDLOC   
                config                         300000  00000E  30000E    300000       0  CONFIG  


UNUSED ADDRESS RANGES

        Name                Unused          Largest block    Delta
        BANK0            0000B0-0000FF               50
        BANK1            000100-0001FF              100
        BANK2            000200-0002FF              100
        BANK3            000300-0003FF              100
        BANK4            000400-0004FF              100
        BANK5            000500-0005FF              100
        BIGRAM           00006C-00007F               14
                         0000B0-0005FF              550
        CODE             000006-000007                2
                         000DB1-000DB1                1
                         000EB1-000EB1                1
                         000F76-007FFF             308A
        COMRAM           00006C-00007F               14
        CONST            000006-000007                2
                         000DB1-000DB1                1
                         000EB1-000EB1                1
                         000F76-007FFF             708A
        EEDATA           F00000-F000FF              100
        MEDIUMCONST      000DB1-000DB1                1
                         000EB1-000EB1                1
                         000F76-007FFF             708A
        RAM              0000B0-0005FF              100
        SFR              000F80-000FFF               80
        SMALLCONST       000DB1-000DB1                1
                         000EB1-000EB1                1
                         000F76-007FFF              100
        STACK            0000B0-0005FF              550

                                  Symbol Table

?_ADC_u16getValue                                              cstackCOMRAM 000053
?___aldiv                                                      cstackCOMRAM 000053
?___awdiv                                                      cstackCOMRAM 000053
?___awmod                                                      cstackCOMRAM 000053
?___lwdiv                                                      cstackCOMRAM 000059
?___wmul                                                       cstackCOMRAM 000053
ADC_u16getValue@data                                           cstackCOMRAM 000057
ADC_u16getValue@pin                                            cstackCOMRAM 000059
DIO_vdInit@dev                                                 cstackCOMRAM 000058
DIO_vdWriteDirPin@data                                         cstackCOMRAM 000057
DIO_vdWriteDirPin@pin                                          cstackCOMRAM 000054
DIO_vdWriteDirPin@port                                         cstackCOMRAM 000053
DIO_vdWritePin@data                                            cstackCOMRAM 000057
DIO_vdWritePin@pin                                             cstackCOMRAM 000054
DIO_vdWritePin@port                                            cstackCOMRAM 000053
INT_vdSetINT0Callback@pf                                       cstackCOMRAM 000053
INT_vdSetINT1Callback@pf                                       cstackCOMRAM 000053
INT_vdSetINT2Callback@pf                                       cstackCOMRAM 000053
INT_vdSetTMR0Callback@init                                     cstackCOMRAM 000055
INT_vdSetTMR0Callback@pf                                       cstackCOMRAM 000053
INT_vdSetTMR1Callback@init                                     cstackCOMRAM 000055
INT_vdSetTMR1Callback@pf                                       cstackCOMRAM 000053
INT_vdSetTMR3Callback@init                                     cstackCOMRAM 000055
INT_vdSetTMR3Callback@pf                                       cstackCOMRAM 000053
LED_vdSetStatus@led                                            cstackCOMRAM 000058
LED_vdSetStatus@status                                         cstackCOMRAM 00005A
TMR0_vdInit@bits                                               cstackCOMRAM 000053
TMR0_vdInit@init                                               cstackCOMRAM 000056
TMR0_vdInit@mode                                               cstackCOMRAM 00005A
TMR0_vdInit@prescaler                                          cstackCOMRAM 000054
TMR0_vdInit@prescaler_value                                    cstackCOMRAM 000055
TMR0_vdSetTMR0Callback@pf                                      cstackCOMRAM 000057
TMR1@initial                                                   bssCOMRAM    00000F
TMR1_vdInit@bits                                               cstackCOMRAM 000053
TMR1_vdInit@init                                               cstackCOMRAM 000056
TMR1_vdInit@mode                                               cstackCOMRAM 00005A
TMR1_vdInit@prescaler                                          cstackCOMRAM 000054
TMR1_vdInit@prescaler_value                                    cstackCOMRAM 000055
TMR1_vdSetTMR1Callback@pf                                      cstackCOMRAM 000057
TMR3@initial                                                   bssCOMRAM    00000D
TMR3_vdInit@bits                                               cstackCOMRAM 000053
TMR3_vdInit@init                                               cstackCOMRAM 000056
TMR3_vdInit@mode                                               cstackCOMRAM 00005A
TMR3_vdInit@prescaler                                          cstackCOMRAM 000054
TMR3_vdInit@prescaler_value                                    cstackCOMRAM 000055
TMR3_vdSetTMR3Callback@pf                                      cstackCOMRAM 000057
UART_vdInit@baud                                               cstackCOMRAM 000061
UART_vdSendByte@data                                           cstackCOMRAM 000053
UART_vdSendu8asASCI@data                                       cstackCOMRAM 00005B
UART_vdSendu8asASCI@i                                          cstackCOMRAM 000060
UART_vdSendu8asASCI@temp                                       cstackCOMRAM 00005D
UART_vdSendu8asASCI@temp2                                      cstackCOMRAM 00005C
_ADCON0bits                                                    (abs)        000FC2
_ADCON1bits                                                    (abs)        000FC1
_ADC_u16getValue                                               text30       000B74
_ADC_vdInit                                                    text29       000E00
_ADIF                                                          (abs)        007CF6
_ADRESH                                                        (abs)        000FC4
_ADRESL                                                        (abs)        000FC3
_BRGH                                                          (abs)        007D62
_BTN1                                                          dataBANK0    00008E
_BTN2                                                          dataBANK0    000087
_BTN3                                                          dataBANK0    000080
_CCP1IF                                                        (abs)        007CF2
_DIO_vdInit                                                    text27       000CE0
_DIO_vdWriteDirPin                                             text28       0005B6
_DIO_vdWritePin                                                text22       000460
_INT0IF                                                        (abs)        007F91
_INT1IF                                                        (abs)        007F80
_INT2IF                                                        (abs)        007F81
_INTCON1bits                                                   (abs)        000FF2
_INTCON2bits                                                   (abs)        000FF1
_INTCON3bits                                                   (abs)        000FF0
_INT_vdSetINT0Callback                                         text26       000F4E
_INT_vdSetINT1Callback                                         text25       000F40
_INT_vdSetINT2Callback                                         text24       000F32
_INT_vdSetTMR0Callback                                         text19       000E44
_INT_vdSetTMR1Callback                                         text15       000E2E
_INT_vdSetTMR3Callback                                         text11       000E18
_INT_vdinit                                                    text23       000D66
_IPR1bits                                                      (abs)        000F9F
_IPR2bits                                                      (abs)        000FA2
_ISR                                                           intcode      000008
_LED1                                                          dataCOMRAM   00004A
_LED2                                                          dataCOMRAM   000043
_LED3                                                          dataCOMRAM   00003C
_LED_vdSetStatus                                               text21       000D3E
_PEIE                                                          (abs)        007F96
_PIE1bits                                                      (abs)        000F9D
_PIE2bits                                                      (abs)        000FA0
_RBIF                                                          (abs)        007F90
_RCSTAbits                                                     (abs)        000FAB
_SPBRG                                                         (abs)        000FAF
_T0CONbits                                                     (abs)        000FD5
_T1CONbits                                                     (abs)        000FCD
_T3CONbits                                                     (abs)        000FB1
_TMR0H                                                         (abs)        000FD7
_TMR0IF                                                        (abs)        007F92
_TMR0L                                                         (abs)        000FD6
_TMR0_vdInit                                                   text20       0007EC
_TMR0_vdReset                                                  text40       000EB2
_TMR0_vdSetTMR0Callback                                        text18       000DE6
_TMR0_vdStop                                                   text17       000F6C
_TMR1H                                                         (abs)        000FCF
_TMR1IF                                                        (abs)        007CF0
_TMR1L                                                         (abs)        000FCE
_TMR1_vdInit                                                   text16       0009CA
_TMR1_vdReset                                                  text38       000F20
_TMR1_vdSetTMR1Callback                                        text14       000DCC
_TMR1_vdStop                                                   text13       000F64
_TMR3H                                                         (abs)        000FB3
_TMR3IF                                                        (abs)        007D09
_TMR3L                                                         (abs)        000FB2
_TMR3_vdInit                                                   text12       000A5E
_TMR3_vdReset                                                  text36       000F0E
_TMR3_vdSetTMR3Callback                                        text10       000DB2
_TMR3_vdStop                                                   text9        000F5C
_TRISA                                                         (abs)        000F92
_TRISC6                                                        (abs)        007CA6
_TXIF                                                          (abs)        007CF4
_TXREG                                                         (abs)        000FAD
_TXSTAbits                                                     (abs)        000FAC
_UART_vdInit                                                   text7        000CAC
_UART_vdSendByte                                               text6        000EC6
_UART_vdSendu8asASCI                                           text3        00089A
__CFG_BOR$ON                                                   (abs)        000000
__CFG_BORV$20                                                  (abs)        000000
__CFG_CCP2MUX$ON                                               (abs)        000000
__CFG_CP0$OFF                                                  (abs)        000000
__CFG_CP1$OFF                                                  (abs)        000000
__CFG_CP2$OFF                                                  (abs)        000000
__CFG_CP3$OFF                                                  (abs)        000000
__CFG_CPB$OFF                                                  (abs)        000000
__CFG_CPD$OFF                                                  (abs)        000000
__CFG_EBTR0$OFF                                                (abs)        000000
__CFG_EBTR1$OFF                                                (abs)        000000
__CFG_EBTR2$OFF                                                (abs)        000000
__CFG_EBTR3$OFF                                                (abs)        000000
__CFG_EBTRB$OFF                                                (abs)        000000
__CFG_LVP$OFF                                                  (abs)        000000
__CFG_OSC$XT                                                   (abs)        000000
__CFG_OSCS$OFF                                                 (abs)        000000
__CFG_PWRT$OFF                                                 (abs)        000000
__CFG_STVR$ON                                                  (abs)        000000
__CFG_WDT$OFF                                                  (abs)        000000
__CFG_WDTPS$128                                                (abs)        000000
__CFG_WRT0$OFF                                                 (abs)        000000
__CFG_WRT1$OFF                                                 (abs)        000000
__CFG_WRT2$OFF                                                 (abs)        000000
__CFG_WRT3$OFF                                                 (abs)        000000
__CFG_WRTB$OFF                                                 (abs)        000000
__CFG_WRTC$OFF                                                 (abs)        000000
__CFG_WRTD$OFF                                                 (abs)        000000
__HRAM                                                         (abs)        000000
__Habs1                                                        abs1         000000
__Hbank0                                                       bank0        000000
__Hbank1                                                       bank1        000000
__Hbank2                                                       bank2        000000
__Hbank3                                                       bank3        000000
__Hbank4                                                       bank4        000000
__Hbank5                                                       bank5        000000
__Hbigbss                                                      bigbss       000000
__Hbigdata                                                     bigdata      000000
__Hbigram                                                      bigram       000000
__Hbss                                                         bss          000000
__HbssBANK0                                                    bssBANK0     000000
__HbssCOMRAM                                                   bssCOMRAM    000000
__Hcinit                                                       cinit        000000
__Hclrtext                                                     clrtext      000000
__Hcomram                                                      comram       000000
__Hconfig                                                      config       30000E
__Hconst                                                       const        000000
__HcstackBANK0                                                 cstackBANK0  000000
__HcstackCOMRAM                                                cstackCOMRAM 000000
__Hdata                                                        data         000000
__HdataBANK0                                                   dataBANK0    000000
__HdataCOMRAM                                                  dataCOMRAM   000000
__Heeprom_data                                                 eeprom_data  000000
__Hfarbss                                                      farbss       000000
__Hfardata                                                     fardata      000000
__Hibigdata                                                    ibigdata     000000
__Hidata                                                       idata        000000
__HidataBANK0                                                  idataBANK0   000000
__HidataCOMRAM                                                 idataCOMRAM  000000
__Hidloc                                                       idloc        200008
__Hifardata                                                    ifardata     000000
__Hinit                                                        init         00012A
__Hintcode                                                     intcode      000126
__Hintcode_body                                                intcode_body 000000
__Hintcodelo                                                   intcodelo    000126
__Hintentry                                                    intentry     000000
__Hintret                                                      intret       000000
__Hintsave_regs                                                intsave_regs 000000
__Hirdata                                                      irdata       000000
__Hmediumconst                                                 mediumconst  000000
__HnvFARRAM                                                    nvFARRAM     000000
__Hnvbit                                                       nvbit        000000
__Hnvrram                                                      nvrram       000000
__Hparam                                                       rparam       000000
__Hpowerup                                                     powerup      000126
__Hram                                                         ram          000000
__Hramtop                                                      ramtop       000600
__Hrbit                                                        rbit         000000
__Hrbss                                                        rbss         000000
__Hrdata                                                       rdata        000000
__Hreset_vec                                                   reset_vec    000006
__Hrparam                                                      rparam       000000
__Hsfr                                                         sfr          000000
__Hsmallconst                                                  smallconst   000000
__Hspace_0                                                     (abs)        30000E
__Hspace_1                                                     (abs)        0000B0
__Hspace_2                                                     (abs)        000000
__Hstack                                                       stack        000000
__Hstruct                                                      struct       000000
__Htemp                                                        temp         00006C
__Htext                                                        text         000000
__Htext0                                                       text0        000000
__Htext1                                                       text1        000000
__Htext10                                                      text10       000000
__Htext11                                                      text11       000000
__Htext12                                                      text12       000000
__Htext13                                                      text13       000000
__Htext14                                                      text14       000000
__Htext15                                                      text15       000000
__Htext16                                                      text16       000000
__Htext17                                                      text17       000000
__Htext18                                                      text18       000000
__Htext19                                                      text19       000000
__Htext2                                                       text2        000000
__Htext20                                                      text20       000000
__Htext21                                                      text21       000000
__Htext22                                                      text22       000000
__Htext23                                                      text23       000000
__Htext24                                                      text24       000000
__Htext25                                                      text25       000000
__Htext26                                                      text26       000000
__Htext27                                                      text27       000000
__Htext28                                                      text28       000000
__Htext29                                                      text29       000000
__Htext3                                                       text3        000000
__Htext30                                                      text30       000000
__Htext32                                                      text32       000000
__Htext33                                                      text33       000000
__Htext34                                                      text34       000000
__Htext35                                                      text35       000000
__Htext36                                                      text36       000000
__Htext37                                                      text37       000000
__Htext38                                                      text38       000000
__Htext39                                                      text39       000000
__Htext4                                                       text4        000000
__Htext40                                                      text40       000000
__Htext41                                                      text41       000000
__Htext5                                                       text5        000000
__Htext6                                                       text6        000000
__Htext7                                                       text7        000000
__Htext8                                                       text8        000000
__Htext9                                                       text9        000000
__LRAM                                                         (abs)        000001
__Labs1                                                        abs1         000000
__Lbank0                                                       bank0        000000
__Lbank1                                                       bank1        000000
__Lbank2                                                       bank2        000000
__Lbank3                                                       bank3        000000
__Lbank4                                                       bank4        000000
__Lbank5                                                       bank5        000000
__Lbigbss                                                      bigbss       000000
__Lbigdata                                                     bigdata      000000
__Lbigram                                                      bigram       000000
__Lbss                                                         bss          000000
__LbssBANK0                                                    bssBANK0     000000
__LbssCOMRAM                                                   bssCOMRAM    000000
__Lcinit                                                       cinit        000000
__Lclrtext                                                     clrtext      000000
__Lcomram                                                      comram       000000
__Lconfig                                                      config       300000
__Lconst                                                       const        000000
__LcstackBANK0                                                 cstackBANK0  000000
__LcstackCOMRAM                                                cstackCOMRAM 000000
__Ldata                                                        data         000000
__LdataBANK0                                                   dataBANK0    000000
__LdataCOMRAM                                                  dataCOMRAM   000000
__Leeprom_data                                                 eeprom_data  000000
__Lfarbss                                                      farbss       000000
__Lfardata                                                     fardata      000000
__Libigdata                                                    ibigdata     000000
__Lidata                                                       idata        000000
__LidataBANK0                                                  idataBANK0   000000
__LidataCOMRAM                                                 idataCOMRAM  000000
__Lidloc                                                       idloc        200000
__Lifardata                                                    ifardata     000000
__Linit                                                        init         000126
__Lintcode                                                     intcode      000008
__Lintcode_body                                                intcode_body 000000
__Lintcodelo                                                   intcodelo    000126
__Lintentry                                                    intentry     000000
__Lintret                                                      intret       000000
__Lintsave_regs                                                intsave_regs 000000
__Lirdata                                                      irdata       000000
__Lmediumconst                                                 mediumconst  000000
__LnvFARRAM                                                    nvFARRAM     000000
__Lnvbit                                                       nvbit        000000
__Lnvrram                                                      nvrram       000000
__Lparam                                                       rparam       000000
__Lpowerup                                                     powerup      000126
__Lram                                                         ram          000000
__Lramtop                                                      ramtop       000600
__Lrbit                                                        rbit         000000
__Lrbss                                                        rbss         000000
__Lrdata                                                       rdata        000000
__Lreset_vec                                                   reset_vec    000000
__Lrparam                                                      rparam       000000
__Lsfr                                                         sfr          000000
__Lsmallconst                                                  smallconst   000000
__Lspace_0                                                     (abs)        000000
__Lspace_1                                                     (abs)        000000
__Lspace_2                                                     (abs)        000000
__Lstack                                                       stack        000000
__Lstruct                                                      struct       000000
__Ltemp                                                        temp         00006B
__Ltext                                                        text         000000
__Ltext0                                                       text0        000000
__Ltext1                                                       text1        000000
__Ltext10                                                      text10       000000
__Ltext11                                                      text11       000000
__Ltext12                                                      text12       000000
__Ltext13                                                      text13       000000
__Ltext14                                                      text14       000000
__Ltext15                                                      text15       000000
__Ltext16                                                      text16       000000
__Ltext17                                                      text17       000000
__Ltext18                                                      text18       000000
__Ltext19                                                      text19       000000
__Ltext2                                                       text2        000000
__Ltext20                                                      text20       000000
__Ltext21                                                      text21       000000
__Ltext22                                                      text22       000000
__Ltext23                                                      text23       000000
__Ltext24                                                      text24       000000
__Ltext25                                                      text25       000000
__Ltext26                                                      text26       000000
__Ltext27                                                      text27       000000
__Ltext28                                                      text28       000000
__Ltext29                                                      text29       000000
__Ltext3                                                       text3        000000
__Ltext30                                                      text30       000000
__Ltext32                                                      text32       000000
__Ltext33                                                      text33       000000
__Ltext34                                                      text34       000000
__Ltext35                                                      text35       000000
__Ltext36                                                      text36       000000
__Ltext37                                                      text37       000000
__Ltext38                                                      text38       000000
__Ltext39                                                      text39       000000
__Ltext4                                                       text4        000000
__Ltext40                                                      text40       000000
__Ltext41                                                      text41       000000
__Ltext5                                                       text5        000000
__Ltext6                                                       text6        000000
__Ltext7                                                       text7        000000
__Ltext8                                                       text8        000000
__Ltext9                                                       text9        000000
__S0                                                           (abs)        30000E
__S1                                                           (abs)        0000B0
__S2                                                           (abs)        000000
___aldiv                                                       text8        00070C
___aldiv@counter                                               cstackCOMRAM 00005B
___aldiv@dividend                                              cstackCOMRAM 000053
___aldiv@divisor                                               cstackCOMRAM 000057
___aldiv@quotient                                              cstackCOMRAM 00005D
___aldiv@sign                                                  cstackCOMRAM 00005C
___awdiv                                                       text5        000932
___awdiv@counter                                               cstackCOMRAM 000057
___awdiv@dividend                                              cstackCOMRAM 000053
___awdiv@divisor                                               cstackCOMRAM 000055
___awdiv@quotient                                              cstackCOMRAM 000059
___awdiv@sign                                                  cstackCOMRAM 000058
___awmod                                                       text4        000AF0
___awmod@counter                                               cstackCOMRAM 000057
___awmod@dividend                                              cstackCOMRAM 000053
___awmod@divisor                                               cstackCOMRAM 000055
___awmod@sign                                                  cstackCOMRAM 000058
___inthi_sp                                                    stack        000000
___intlo_sp                                                    stack        000000
___lwdiv                                                       text2        000C4C
___lwdiv@counter                                               cstackCOMRAM 00005D
___lwdiv@dividend                                              cstackCOMRAM 000059
___lwdiv@divisor                                               cstackCOMRAM 00005B
___lwdiv@quotient                                              cstackCOMRAM 00005E
___param_bank                                                  (abs)        000000
___rparam_used                                                 (abs)        000001
___sp                                                          stack        000000
___wmul                                                        text1        000D14
___wmul@multiplicand                                           cstackCOMRAM 000055
___wmul@multiplier                                             cstackCOMRAM 000053
___wmul@product                                                cstackCOMRAM 000057
__accesstop                                                    (abs)        000080
__activetblptr                                                 (abs)        000002
__cntErrataNOP_C:\Users\SC026~1.AMM\AppData\Local\Temp\s13m4.o (abs)        000001
__cntErrataNOP_dist/default/production\Project.production.o    (abs)        0000BA
__end_of_ADC_u16getValue                                       text30       000BE6
__end_of_ADC_vdInit                                            text29       000E18
__end_of_DIO_vdInit                                            text27       000D14
__end_of_DIO_vdWriteDirPin                                     text28       00070C
__end_of_DIO_vdWritePin                                        text22       0005B6
__end_of_INT_vdSetINT0Callback                                 text26       000F5C
__end_of_INT_vdSetINT1Callback                                 text25       000F4E
__end_of_INT_vdSetINT2Callback                                 text24       000F40
__end_of_INT_vdSetTMR0Callback                                 text19       000E5A
__end_of_INT_vdSetTMR1Callback                                 text15       000E44
__end_of_INT_vdSetTMR3Callback                                 text11       000E2E
__end_of_INT_vdinit                                            text23       000D8C
__end_of_ISR                                                   intcode      000126
__end_of_LED_vdSetStatus                                       text21       000D66
__end_of_TMR0_vdInit                                           text20       00089A
__end_of_TMR0_vdReset                                          text40       000EC4
__end_of_TMR0_vdSetTMR0Callback                                text18       000E00
__end_of_TMR0_vdStop                                           text17       000F74
__end_of_TMR1_vdInit                                           text16       000A5E
__end_of_TMR1_vdReset                                          text38       000F32
__end_of_TMR1_vdSetTMR1Callback                                text14       000DE6
__end_of_TMR1_vdStop                                           text13       000F6C
__end_of_TMR3_vdInit                                           text12       000AF0
__end_of_TMR3_vdReset                                          text36       000F20
__end_of_TMR3_vdSetTMR3Callback                                text10       000DCC
__end_of_TMR3_vdStop                                           text9        000F64
__end_of_UART_vdInit                                           text7        000CE0
__end_of_UART_vdSendByte                                       text6        000ED8
__end_of_UART_vdSendu8asASCI                                   text3        000932
__end_of___aldiv                                               text8        0007EC
__end_of___awdiv                                               text5        0009CA
__end_of___awmod                                               text4        000B74
__end_of___lwdiv                                               text2        000CAC
__end_of___wmul                                                text1        000D3E
__end_of__initialization                                       cinit        000C3E
__end_of_int0_callback                                         text39       000E9C
__end_of_int1_callback                                         text37       000E86
__end_of_int2_callback                                         text35       000E70
__end_of_main                                                  text0        000460
__end_of_tmr0_callback                                         text34       000F0E
__end_of_tmr1_callback                                         text33       000EFC
__end_of_tmr3_callback                                         text32       000EEA
__initialization                                               cinit        000BE6
__mediumconst                                                  mediumconst  000000
__pbssBANK0                                                    bssBANK0     0000A8
__pbssCOMRAM                                                   bssCOMRAM    000001
__pcinit                                                       cinit        000BE6
__pcstackBANK0                                                 cstackBANK0  000095
__pcstackCOMRAM                                                cstackCOMRAM 000051
__pdataBANK0                                                   dataBANK0    000080
__pdataCOMRAM                                                  dataCOMRAM   00002C
__pidataBANK0                                                  idataBANK0   000E9C
__pidataCOMRAM                                                 idataCOMRAM  000D8C
__pintcode                                                     intcode      000008
__ptext0                                                       text0        00012A
__ptext1                                                       text1        000D14
__ptext10                                                      text10       000DB2
__ptext11                                                      text11       000E18
__ptext12                                                      text12       000A5E
__ptext13                                                      text13       000F64
__ptext14                                                      text14       000DCC
__ptext15                                                      text15       000E2E
__ptext16                                                      text16       0009CA
__ptext17                                                      text17       000F6C
__ptext18                                                      text18       000DE6
__ptext19                                                      text19       000E44
__ptext2                                                       text2        000C4C
__ptext20                                                      text20       0007EC
__ptext21                                                      text21       000D3E
__ptext22                                                      text22       000460
__ptext23                                                      text23       000D66
__ptext24                                                      text24       000F32
__ptext25                                                      text25       000F40
__ptext26                                                      text26       000F4E
__ptext27                                                      text27       000CE0
__ptext28                                                      text28       0005B6
__ptext29                                                      text29       000E00
__ptext3                                                       text3        00089A
__ptext30                                                      text30       000B74
__ptext32                                                      text32       000ED8
__ptext33                                                      text33       000EEA
__ptext34                                                      text34       000EFC
__ptext35                                                      text35       000E5A
__ptext36                                                      text36       000F0E
__ptext37                                                      text37       000E70
__ptext38                                                      text38       000F20
__ptext39                                                      text39       000E86
__ptext4                                                       text4        000AF0
__ptext40                                                      text40       000EB2
__ptext41                                                      text41       000000
__ptext5                                                       text5        000932
__ptext6                                                       text6        000EC6
__ptext7                                                       text7        000CAC
__ptext8                                                       text8        00070C
__ptext9                                                       text9        000F5C
__ramtop                                                       ramtop       000600
__size_of_ADC_u16getValue                                      (abs)        000000
__size_of_ADC_vdInit                                           (abs)        000000
__size_of_DIO_vdInit                                           (abs)        000000
__size_of_DIO_vdWriteDirPin                                    (abs)        000000
__size_of_DIO_vdWritePin                                       (abs)        000000
__size_of_INT_vdSetINT0Callback                                (abs)        000000
__size_of_INT_vdSetINT1Callback                                (abs)        000000
__size_of_INT_vdSetINT2Callback                                (abs)        000000
__size_of_INT_vdSetTMR0Callback                                (abs)        000000
__size_of_INT_vdSetTMR1Callback                                (abs)        000000
__size_of_INT_vdSetTMR3Callback                                (abs)        000000
__size_of_INT_vdinit                                           (abs)        000000
__size_of_ISR                                                  (abs)        000000
__size_of_LED_vdSetStatus                                      (abs)        000000
__size_of_TMR0_vdInit                                          (abs)        000000
__size_of_TMR0_vdReset                                         (abs)        000000
__size_of_TMR0_vdSetTMR0Callback                               (abs)        000000
__size_of_TMR0_vdStop                                          (abs)        000000
__size_of_TMR1_vdInit                                          (abs)        000000
__size_of_TMR1_vdReset                                         (abs)        000000
__size_of_TMR1_vdSetTMR1Callback                               (abs)        000000
__size_of_TMR1_vdStop                                          (abs)        000000
__size_of_TMR3_vdInit                                          (abs)        000000
__size_of_TMR3_vdReset                                         (abs)        000000
__size_of_TMR3_vdSetTMR3Callback                               (abs)        000000
__size_of_TMR3_vdStop                                          (abs)        000000
__size_of_UART_vdInit                                          (abs)        000000
__size_of_UART_vdSendByte                                      (abs)        000000
__size_of_UART_vdSendu8asASCI                                  (abs)        000000
__size_of___aldiv                                              (abs)        000000
__size_of___awdiv                                              (abs)        000000
__size_of___awmod                                              (abs)        000000
__size_of___lwdiv                                              (abs)        000000
__size_of___wmul                                               (abs)        000000
__size_of_int0_callback                                        (abs)        000000
__size_of_int1_callback                                        (abs)        000000
__size_of_int2_callback                                        (abs)        000000
__size_of_main                                                 (abs)        000000
__size_of_tmr0_callback                                        (abs)        000000
__size_of_tmr1_callback                                        (abs)        000000
__size_of_tmr3_callback                                        (abs)        000000
__smallconst                                                   smallconst   000000
_callback_CCP1                                                 bssCOMRAM    000019
_callback_INT0                                                 bssCOMRAM    000027
_callback_INT1                                                 bssCOMRAM    000025
_callback_INT2                                                 bssCOMRAM    000023
_callback_INTonChange                                          bssCOMRAM    000021
_callback_TMR0                                                 bssCOMRAM    00001F
_callback_TMR1                                                 bssCOMRAM    00001D
_callback_TMR3                                                 bssCOMRAM    00001B
_initial                                                       bssCOMRAM    000011
_initial_tmr0                                                  bssCOMRAM    000017
_initial_tmr1                                                  bssCOMRAM    000015
_initial_tmr3                                                  bssCOMRAM    000013
_int0_callback                                                 text39       000E86
_int1_callback                                                 text37       000E70
_int2_callback                                                 text35       000E5A
_main                                                          text0        00012A
_p_PORTAdata                                                   dataCOMRAM   00003A
_p_PORTAdirection                                              dataCOMRAM   000038
_p_PORTBdata                                                   dataCOMRAM   000036
_p_PORTBdirection                                              dataCOMRAM   000034
_p_PORTCdata                                                   dataCOMRAM   000032
_p_PORTCdirection                                              dataCOMRAM   000030
_p_PORTDdata                                                   dataCOMRAM   00002E
_p_PORTDdirection                                              dataCOMRAM   00002C
_status1                                                       bssCOMRAM    00002B
_status2                                                       bssCOMRAM    00002A
_status3                                                       bssCOMRAM    000029
_tmr0_callback                                                 text34       000EFC
_tmr1_callback                                                 text33       000EEA
_tmr3_callback                                                 text32       000ED8
_x1                                                            bssCOMRAM    000009
_x2                                                            bssCOMRAM    000005
_x3                                                            bssCOMRAM    000001
btemp                                                          temp         00006B
end_of_initialization                                          cinit        000C3E
int$flags                                                      temp         00006B
intlevel0                                                      text         000F74
intlevel1                                                      text         000F74
intlevel2                                                      text         000F74
intlevel3                                                      text         000F74
main@T                                                         cstackBANK0  0000A7
main@input_T                                                   cstackBANK0  00009D
main@x_max16                                                   cstackBANK0  00009F
main@x_max8                                                    cstackBANK0  000095
stackhi                                                        (abs)        0005FF
stacklo                                                        (abs)        0000B0
start                                                          init         000126
start_initialization                                           cinit        000BE6
ttemp5                                                         temp         00006C
ttemp6                                                         temp         00006F
ttemp7                                                         temp         000073
wtemp8                                                         temp         00006C


FUNCTION INFORMATION:

 *************** function _main *****************
 Defined at:
		line 46 in file "main.c"
 Parameters:    Size  Location     Type
		None
 Auto vars:     Size  Location     Type
  x_max16         8   10[BANK0 ] unsigned long long 
  x_max8          8    0[BANK0 ] unsigned long long 
  input_T         2    8[BANK0 ] unsigned int 
  T               1   18[BANK0 ] unsigned char 
 Return value:  Size  Location     Type
                  1    wreg      void 
 Registers used:
		wreg, fsr2l, fsr2h, status,2, status,0, prodl, prodh, cstack
 Tracked objects:
		On entry : 
		On exit  : 
		Unchanged: 
 Data sizes:     COMRAM   BANK0   BANK1   BANK2   BANK3   BANK4   BANK5
      Params:         0       0       0       0       0       0       0
      Locals:         0      19       0       0       0       0       0
      Temps:          8       0       0       0       0       0       0
      Totals:         8      19       0       0       0       0       0
Total ram usage:       27 bytes
 Hardware stack levels required when called:    5
 This function calls:
		_ADC_u16getValue
		_ADC_vdInit
		_DIO_vdInit
		_INT_vdSetINT0Callback
		_INT_vdSetINT1Callback
		_INT_vdSetINT2Callback
		_INT_vdinit
		_LED_vdSetStatus
		_TMR0_vdInit
		_TMR0_vdSetTMR0Callback
		_TMR0_vdStop
		_TMR1_vdInit
		_TMR1_vdSetTMR1Callback
		_TMR1_vdStop
		_TMR3_vdInit
		_TMR3_vdSetTMR3Callback
		_TMR3_vdStop
		_UART_vdInit
		_UART_vdSendByte
		_UART_vdSendu8asASCI
		___lwdiv
		___wmul
 This function is called by:
		Startup code after reset
 This function uses a non-reentrant model


 *************** function ___wmul *****************
 Defined at:
		line 15 in file "C:\Program Files (x86)\Microchip\xc8\v2.05\pic\sources\c99\common\Umul16.c"
 Parameters:    Size  Location     Type
  multiplier      2    2[COMRAM] unsigned int 
  multiplicand    2    4[COMRAM] unsigned int 
 Auto vars:     Size  Location     Type
  product         2    6[COMRAM] unsigned int 
 Return value:  Size  Location     Type
                  2    2[COMRAM] unsigned int 
 Registers used:
		wreg, status,2, status,0, prodl, prodh
 Tracked objects:
		On entry : 
		On exit  : 
		Unchanged: 
 Data sizes:     COMRAM   BANK0   BANK1   BANK2   BANK3   BANK4   BANK5
      Params:         4       0       0       0       0       0       0
      Locals:         2       0       0       0       0       0       0
      Temps:          0       0       0       0       0       0       0
      Totals:         6       0       0       0       0       0       0
Total ram usage:        6 bytes
 Hardware stack levels used:    1
 Hardware stack levels required when called:    3
 This function calls:
		Nothing
 This function is called by:
		_main
 This function uses a non-reentrant model


 *************** function ___lwdiv *****************
 Defined at:
		line 7 in file "C:\Program Files (x86)\Microchip\xc8\v2.05\pic\sources\c99\common\lwdiv.c"
 Parameters:    Size  Location     Type
  dividend        2    8[COMRAM] unsigned int 
  divisor         2   10[COMRAM] unsigned int 
 Auto vars:     Size  Location     Type
  quotient        2   13[COMRAM] unsigned int 
  counter         1   12[COMRAM] unsigned char 
 Return value:  Size  Location     Type
                  2    8[COMRAM] unsigned int 
 Registers used:
		wreg, status,2, status,0
 Tracked objects:
		On entry : 
		On exit  : 
		Unchanged: 
 Data sizes:     COMRAM   BANK0   BANK1   BANK2   BANK3   BANK4   BANK5
      Params:         4       0       0       0       0       0       0
      Locals:         3       0       0       0       0       0       0
      Temps:          0       0       0       0       0       0       0
      Totals:         7       0       0       0       0       0       0
Total ram usage:        7 bytes
 Hardware stack levels used:    1
 Hardware stack levels required when called:    3
 This function calls:
		Nothing
 This function is called by:
		_main
		_UART_vdSendu16asASCI
 This function uses a non-reentrant model


 *************** function _UART_vdSendu8asASCI *****************
 Defined at:
		line 31 in file "UART.c"
 Parameters:    Size  Location     Type
  data            1    wreg     unsigned char 
 Auto vars:     Size  Location     Type
  data            1   10[COMRAM] unsigned char 
  temp            3   12[COMRAM] unsigned char [3]
  i               1   15[COMRAM] unsigned char 
  temp2           1   11[COMRAM] unsigned char 
 Return value:  Size  Location     Type
                  1    wreg      void 
 Registers used:
		wreg, fsr2l, fsr2h, status,2, status,0, cstack
 Tracked objects:
		On entry : 
		On exit  : 
		Unchanged: 
 Data sizes:     COMRAM   BANK0   BANK1   BANK2   BANK3   BANK4   BANK5
      Params:         0       0       0       0       0       0       0
      Locals:         6       0       0       0       0       0       0
      Temps:          0       0       0       0       0       0       0
      Totals:         6       0       0       0       0       0       0
Total ram usage:        6 bytes
 Hardware stack levels used:    1
 Hardware stack levels required when called:    4
 This function calls:
		_UART_vdSendByte
		___awdiv
		___awmod
 This function is called by:
		_main
 This function uses a non-reentrant model


 *************** function ___awmod *****************
 Defined at:
		line 7 in file "C:\Program Files (x86)\Microchip\xc8\v2.05\pic\sources\c99\common\awmod.c"
 Parameters:    Size  Location     Type
  dividend        2    2[COMRAM] int 
  divisor         2    4[COMRAM] int 
 Auto vars:     Size  Location     Type
  sign            1    7[COMRAM] unsigned char 
  counter         1    6[COMRAM] unsigned char 
 Return value:  Size  Location     Type
                  2    2[COMRAM] int 
 Registers used:
		wreg, status,2, status,0
 Tracked objects:
		On entry : 
		On exit  : 
		Unchanged: 
 Data sizes:     COMRAM   BANK0   BANK1   BANK2   BANK3   BANK4   BANK5
      Params:         4       0       0       0       0       0       0
      Locals:         2       0       0       0       0       0       0
      Temps:          0       0       0       0       0       0       0
      Totals:         6       0       0       0       0       0       0
Total ram usage:        6 bytes
 Hardware stack levels used:    1
 Hardware stack levels required when called:    3
 This function calls:
		Nothing
 This function is called by:
		_UART_vdSendu8asASCI
		_BTN_vdRead
 This function uses a non-reentrant model


 *************** function ___awdiv *****************
 Defined at:
		line 7 in file "C:\Program Files (x86)\Microchip\xc8\v2.05\pic\sources\c99\common\awdiv.c"
 Parameters:    Size  Location     Type
  dividend        2    2[COMRAM] int 
  divisor         2    4[COMRAM] int 
 Auto vars:     Size  Location     Type
  quotient        2    8[COMRAM] int 
  sign            1    7[COMRAM] unsigned char 
  counter         1    6[COMRAM] unsigned char 
 Return value:  Size  Location     Type
                  2    2[COMRAM] int 
 Registers used:
		wreg, status,2, status,0
 Tracked objects:
		On entry : 
		On exit  : 
		Unchanged: 
 Data sizes:     COMRAM   BANK0   BANK1   BANK2   BANK3   BANK4   BANK5
      Params:         4       0       0       0       0       0       0
      Locals:         4       0       0       0       0       0       0
      Temps:          0       0       0       0       0       0       0
      Totals:         8       0       0       0       0       0       0
Total ram usage:        8 bytes
 Hardware stack levels used:    1
 Hardware stack levels required when called:    3
 This function calls:
		Nothing
 This function is called by:
		_UART_vdSendu8asASCI
 This function uses a non-reentrant model


 *************** function _UART_vdSendByte *****************
 Defined at:
		line 22 in file "UART.c"
 Parameters:    Size  Location     Type
  data            1    wreg     unsigned char 
 Auto vars:     Size  Location     Type
  data            1    2[COMRAM] unsigned char 
 Return value:  Size  Location     Type
                  1    wreg      void 
 Registers used:
		wreg
 Tracked objects:
		On entry : 
		On exit  : 
		Unchanged: 
 Data sizes:     COMRAM   BANK0   BANK1   BANK2   BANK3   BANK4   BANK5
      Params:         0       0       0       0       0       0       0
      Locals:         1       0       0       0       0       0       0
      Temps:          0       0       0       0       0       0       0
      Totals:         1       0       0       0       0       0       0
Total ram usage:        1 bytes
 Hardware stack levels used:    1
 Hardware stack levels required when called:    3
 This function calls:
		Nothing
 This function is called by:
		_main
		_UART_vdSendu8asASCI
		_UART_vdSendu16asASCI
 This function uses a non-reentrant model


 *************** function _UART_vdInit *****************
 Defined at:
		line 13 in file "UART.c"
 Parameters:    Size  Location     Type
  baud            2   16[COMRAM] unsigned short 
 Auto vars:     Size  Location     Type
		None
 Return value:  Size  Location     Type
                  1    wreg      void 
 Registers used:
		wreg, status,2, status,0, cstack
 Tracked objects:
		On entry : 
		On exit  : 
		Unchanged: 
 Data sizes:     COMRAM   BANK0   BANK1   BANK2   BANK3   BANK4   BANK5
      Params:         2       0       0       0       0       0       0
      Locals:         0       0       0       0       0       0       0
      Temps:          0       0       0       0       0       0       0
      Totals:         2       0       0       0       0       0       0
Total ram usage:        2 bytes
 Hardware stack levels used:    1
 Hardware stack levels required when called:    4
 This function calls:
		___aldiv
 This function is called by:
		_main
 This function uses a non-reentrant model


 *************** function ___aldiv *****************
 Defined at:
		line 7 in file "C:\Program Files (x86)\Microchip\xc8\v2.05\pic\sources\c99\common\aldiv.c"
 Parameters:    Size  Location     Type
  dividend        4    2[COMRAM] long 
  divisor         4    6[COMRAM] long 
 Auto vars:     Size  Location     Type
  quotient        4   12[COMRAM] long 
  sign            1   11[COMRAM] unsigned char 
  counter         1   10[COMRAM] unsigned char 
 Return value:  Size  Location     Type
                  4    2[COMRAM] long 
 Registers used:
		wreg, status,2, status,0
 Tracked objects:
		On entry : 
		On exit  : 
		Unchanged: 
 Data sizes:     COMRAM   BANK0   BANK1   BANK2   BANK3   BANK4   BANK5
      Params:         8       0       0       0       0       0       0
      Locals:         6       0       0       0       0       0       0
      Temps:          0       0       0       0       0       0       0
      Totals:        14       0       0       0       0       0       0
Total ram usage:       14 bytes
 Hardware stack levels used:    1
 Hardware stack levels required when called:    3
 This function calls:
		Nothing
 This function is called by:
		_UART_vdInit
 This function uses a non-reentrant model


 *************** function _TMR3_vdStop *****************
 Defined at:
		line 44 in file "TMR3.c"
 Parameters:    Size  Location     Type
		None
 Auto vars:     Size  Location     Type
		None
 Return value:  Size  Location     Type
                  1    wreg      void 
 Registers used:
		None
 Tracked objects:
		On entry : 
		On exit  : 
		Unchanged: 
 Data sizes:     COMRAM   BANK0   BANK1   BANK2   BANK3   BANK4   BANK5
      Params:         0       0       0       0       0       0       0
      Locals:         0       0       0       0       0       0       0
      Temps:          0       0       0       0       0       0       0
      Totals:         0       0       0       0       0       0       0
Total ram usage:        0 bytes
 Hardware stack levels used:    1
 Hardware stack levels required when called:    3
 This function calls:
		Nothing
 This function is called by:
		_main
 This function uses a non-reentrant model


 *************** function _TMR3_vdSetTMR3Callback *****************
 Defined at:
		line 59 in file "TMR3.c"
 Parameters:    Size  Location     Type
  pf              2    6[COMRAM] PTR FTN()void 
		 -> tmr3_callback(1), 
 Auto vars:     Size  Location     Type
		None
 Return value:  Size  Location     Type
                  1    wreg      void 
 Registers used:
		wreg, status,2, status,0, cstack
 Tracked objects:
		On entry : 
		On exit  : 
		Unchanged: 
 Data sizes:     COMRAM   BANK0   BANK1   BANK2   BANK3   BANK4   BANK5
      Params:         2       0       0       0       0       0       0
      Locals:         0       0       0       0       0       0       0
      Temps:          0       0       0       0       0       0       0
      Totals:         2       0       0       0       0       0       0
Total ram usage:        2 bytes
 Hardware stack levels used:    1
 Hardware stack levels required when called:    4
 This function calls:
		_INT_vdSetTMR3Callback
 This function is called by:
		_main
 This function uses a non-reentrant model


 *************** function _INT_vdSetTMR3Callback *****************
 Defined at:
		line 74 in file "INT.c"
 Parameters:    Size  Location     Type
  pf              2    2[COMRAM] PTR FTN()void 
		 -> tmr3_callback(1), 
  init            2    4[COMRAM] unsigned int 
 Auto vars:     Size  Location     Type
		None
 Return value:  Size  Location     Type
                  1    wreg      void 
 Registers used:
		wreg, status,2, status,0
 Tracked objects:
		On entry : 
		On exit  : 
		Unchanged: 
 Data sizes:     COMRAM   BANK0   BANK1   BANK2   BANK3   BANK4   BANK5
      Params:         4       0       0       0       0       0       0
      Locals:         0       0       0       0       0       0       0
      Temps:          0       0       0       0       0       0       0
      Totals:         4       0       0       0       0       0       0
Total ram usage:        4 bytes
 Hardware stack levels used:    1
 Hardware stack levels required when called:    3
 This function calls:
		Nothing
 This function is called by:
		_TMR3_vdSetTMR3Callback
 This function uses a non-reentrant model


 *************** function _TMR3_vdInit *****************
 Defined at:
		line 15 in file "TMR3.c"
 Parameters:    Size  Location     Type
  mode            1    wreg     unsigned char 
  bits            1    2[COMRAM] unsigned char 
  prescaler       1    3[COMRAM] unsigned char 
  prescaler_va    1    4[COMRAM] unsigned char 
  init            2    5[COMRAM] unsigned int 
 Auto vars:     Size  Location     Type
  mode            1    9[COMRAM] unsigned char 
 Return value:  Size  Location     Type
                  1    wreg      void 
 Registers used:
		wreg, status,2, status,0
 Tracked objects:
		On entry : 
		On exit  : 
		Unchanged: 
 Data sizes:     COMRAM   BANK0   BANK1   BANK2   BANK3   BANK4   BANK5
      Params:         5       0       0       0       0       0       0
      Locals:         1       0       0       0       0       0       0
      Temps:          2       0       0       0       0       0       0
      Totals:         8       0       0       0       0       0       0
Total ram usage:        8 bytes
 Hardware stack levels used:    1
 Hardware stack levels required when called:    3
 This function calls:
		Nothing
 This function is called by:
		_main
 This function uses a non-reentrant model


 *************** function _TMR1_vdStop *****************
 Defined at:
		line 44 in file "TMR1.c"
 Parameters:    Size  Location     Type
		None
 Auto vars:     Size  Location     Type
		None
 Return value:  Size  Location     Type
                  1    wreg      void 
 Registers used:
		None
 Tracked objects:
		On entry : 
		On exit  : 
		Unchanged: 
 Data sizes:     COMRAM   BANK0   BANK1   BANK2   BANK3   BANK4   BANK5
      Params:         0       0       0       0       0       0       0
      Locals:         0       0       0       0       0       0       0
      Temps:          0       0       0       0       0       0       0
      Totals:         0       0       0       0       0       0       0
Total ram usage:        0 bytes
 Hardware stack levels used:    1
 Hardware stack levels required when called:    3
 This function calls:
		Nothing
 This function is called by:
		_main
 This function uses a non-reentrant model


[...]
 Registers used:
		wreg, status,2, status,0
 Tracked objects:
		On entry : 
		On exit  : 
		Unchanged: 
 Data sizes:     COMRAM   BANK0   BANK1   BANK2   BANK3   BANK4   BANK5
      Params:         2       0       0       0       0       0       0
      Locals:         0       0       0       0       0       0       0
      Temps:          0       0       0       0       0       0       0
      Totals:         2       0       0       0       0       0       0
Total ram usage:        2 bytes
 Hardware stack levels used:    1
 Hardware stack levels required when called:    3
 This function calls:
		Nothing
 This function is called by:
		_main
 This function uses a non-reentrant model


 *************** function _INT_vdSetINT1Callback *****************
 Defined at:
		line 57 in file "INT.c"
 Parameters:    Size  Location     Type
  pf              2    2[COMRAM] PTR FTN()void 
		 -> int1_callback(1), 
 Auto vars:     Size  Location     Type
		None
 Return value:  Size  Location     Type
                  1    wreg      void 
 Registers used:
		wreg, status,2, status,0
 Tracked objects:
		On entry : 
		On exit  : 
		Unchanged: 
 Data sizes:     COMRAM   BANK0   BANK1   BANK2   BANK3   BANK4   BANK5
      Params:         2       0       0       0       0       0       0
      Locals:         0       0       0       0       0       0       0
      Temps:          0       0       0       0       0       0       0
      Totals:         2       0       0       0       0       0       0
Total ram usage:        2 bytes
 Hardware stack levels used:    1
 Hardware stack levels required when called:    3
 This function calls:
		Nothing
 This function is called by:
		_main
 This function uses a non-reentrant model


 *************** function _INT_vdSetINT0Callback *****************
 Defined at:
		line 54 in file "INT.c"
 Parameters:    Size  Location     Type
  pf              2    2[COMRAM] PTR FTN()void 
		 -> int0_callback(1), 
 Auto vars:     Size  Location     Type
		None
 Return value:  Size  Location     Type
                  1    wreg      void 
 Registers used:
		wreg, status,2, status,0
 Tracked objects:
		On entry : 
		On exit  : 
		Unchanged: 
 Data sizes:     COMRAM   BANK0   BANK1   BANK2   BANK3   BANK4   BANK5
      Params:         2       0       0       0       0       0       0
      Locals:         0       0       0       0       0       0       0
      Temps:          0       0       0       0       0       0       0
      Totals:         2       0       0       0       0       0       0
Total ram usage:        2 bytes
 Hardware stack levels used:    1
 Hardware stack levels required when called:    3
 This function calls:
		Nothing
 This function is called by:
		_main
 This function uses a non-reentrant model


 *************** function _DIO_vdInit *****************
 Defined at:
		line 15 in file "DIO.c"
 Parameters:    Size  Location     Type
  dev             2    7[COMRAM] PTR struct .
		 -> BTN3(7), BTN2(7), BTN1(7), LED3(7), 
		 -> LED2(7), LED1(7), 
 Auto vars:     Size  Location     Type
		None
 Return value:  Size  Location     Type
                  1    wreg      void 
 Registers used:
		wreg, fsr2l, fsr2h, status,2, status,0, cstack
 Tracked objects:
		On entry : 
		On exit  : 
		Unchanged: 
 Data sizes:     COMRAM   BANK0   BANK1   BANK2   BANK3   BANK4   BANK5
      Params:         2       0       0       0       0       0       0
      Locals:         0       0       0       0       0       0       0
      Temps:          0       0       0       0       0       0       0
      Totals:         2       0       0       0       0       0       0
Total ram usage:        2 bytes
 Hardware stack levels used:    1
 Hardware stack levels required when called:    4
 This function calls:
		_DIO_vdWriteDirPin
 This function is called by:
		_main
 This function uses a non-reentrant model


 *************** function _DIO_vdWriteDirPin *****************
 Defined at:
		line 52 in file "DIO.c"
 Parameters:    Size  Location     Type
  data            1    wreg     unsigned char 
  port            1    2[COMRAM] unsigned char 
  pin             1    3[COMRAM] unsigned char 
 Auto vars:     Size  Location     Type
  data            1    6[COMRAM] unsigned char 
 Return value:  Size  Location     Type
                  1    wreg      void 
 Registers used:
		wreg, status,2, status,0
 Tracked objects:
		On entry : 
		On exit  : 
		Unchanged: 
 Data sizes:     COMRAM   BANK0   BANK1   BANK2   BANK3   BANK4   BANK5
      Params:         2       0       0       0       0       0       0
      Locals:         1       0       0       0       0       0       0
      Temps:          2       0       0       0       0       0       0
      Totals:         5       0       0       0       0       0       0
Total ram usage:        5 bytes
 Hardware stack levels used:    1
 Hardware stack levels required when called:    3
 This function calls:
		Nothing
 This function is called by:
		_DIO_vdInit
 This function uses a non-reentrant model


 *************** function _ADC_vdInit *****************
 Defined at:
		line 13 in file "ADC.c"
 Parameters:    Size  Location     Type
		None
 Auto vars:     Size  Location     Type
		None
 Return value:  Size  Location     Type
                  1    wreg      void 
 Registers used:
		wreg, status,2
 Tracked objects:
		On entry : 
		On exit  : 
		Unchanged: 
 Data sizes:     COMRAM   BANK0   BANK1   BANK2   BANK3   BANK4   BANK5
      Params:         0       0       0       0       0       0       0
      Locals:         0       0       0       0       0       0       0
      Temps:          0       0       0       0       0       0       0
      Totals:         0       0       0       0       0       0       0
Total ram usage:        0 bytes
 Hardware stack levels used:    1
 Hardware stack levels required when called:    3
 This function calls:
		Nothing
 This function is called by:
		_main
 This function uses a non-reentrant model


 *************** function _ADC_u16getValue *****************
 Defined at:
		line 21 in file "ADC.c"
 Parameters:    Size  Location     Type
  pin             1    wreg     unsigned char 
 Auto vars:     Size  Location     Type
  pin             1    8[COMRAM] unsigned char 
  data            2    6[COMRAM] unsigned short 
 Return value:  Size  Location     Type
                  2    2[COMRAM] unsigned short 
 Registers used:
		wreg, status,2, status,0
 Tracked objects:
		On entry : 
		On exit  : 
		Unchanged: 
 Data sizes:     COMRAM   BANK0   BANK1   BANK2   BANK3   BANK4   BANK5
      Params:         2       0       0       0       0       0       0
      Locals:         3       0       0       0       0       0       0
      Temps:          2       0       0       0       0       0       0
      Totals:         7       0       0       0       0       0       0
Total ram usage:        7 bytes
 Hardware stack levels used:    1
 Hardware stack levels required when called:    3
 This function calls:
		Nothing
 This function is called by:
		_main
 This function uses a non-reentrant model


 *************** function _ISR *****************
 Defined at:
		line 82 in file "INT.c"
 Parameters:    Size  Location     Type
		None
 Auto vars:     Size  Location     Type
		None
 Return value:  Size  Location     Type
                  1    wreg      void 
 Registers used:
		wreg, status,2, status,0, pclath, tosl, cstack
 Tracked objects:
		On entry : 
		On exit  : 
		Unchanged: 
 Data sizes:     COMRAM   BANK0   BANK1   BANK2   BANK3   BANK4   BANK5
      Params:         0       0       0       0       0       0       0
      Locals:         0       0       0       0       0       0       0
      Temps:          2       0       0       0       0       0       0
      Totals:         2       0       0       0       0       0       0
Total ram usage:        2 bytes
 Hardware stack levels used:    1
 Hardware stack levels required when called:    2
 This function calls:
		Absolute function
		_int0_callback
		_int1_callback
		_int2_callback
		_tmr0_callback
		_tmr1_callback
		_tmr3_callback
 This function is called by:
		Interrupt level 2
 This function uses a non-reentrant model


 *************** function _tmr3_callback *****************
 Defined at:
		line 153 in file "main.c"
 Parameters:    Size  Location     Type
		None
 Auto vars:     Size  Location     Type
		None
 Return value:  Size  Location     Type
                  1    wreg      void 
 Registers used:
		wreg, status,2, status,0
 Tracked objects:
		On entry : 
		On exit  : 
		Unchanged: 
 Data sizes:     COMRAM   BANK0   BANK1   BANK2   BANK3   BANK4   BANK5
      Params:         0       0       0       0       0       0       0
      Locals:         0       0       0       0       0       0       0
      Temps:          0       0       0       0       0       0       0
      Totals:         0       0       0       0       0       0       0
Total ram usage:        0 bytes
 Hardware stack levels used:    1
 This function calls:
		Nothing
 This function is called by:
		_main
		_ISR
 This function uses a non-reentrant model


 *************** function _tmr1_callback *****************
 Defined at:
		line 149 in file "main.c"
 Parameters:    Size  Location     Type
		None
 Auto vars:     Size  Location     Type
		None
 Return value:  Size  Location     Type
                  1    wreg      void 
 Registers used:
		wreg, status,2, status,0
 Tracked objects:
		On entry : 
		On exit  : 
		Unchanged: 
 Data sizes:     COMRAM   BANK0   BANK1   BANK2   BANK3   BANK4   BANK5
      Params:         0       0       0       0       0       0       0
      Locals:         0       0       0       0       0       0       0
      Temps:          0       0       0       0       0       0       0
      Totals:         0       0       0       0       0       0       0
Total ram usage:        0 bytes
 Hardware stack levels used:    1
 This function calls:
		Nothing
 This function is called by:
		_main
		_ISR
 This function uses a non-reentrant model


 *************** function _tmr0_callback *****************
 Defined at:
		line 145 in file "main.c"
 Parameters:    Size  Location     Type
		None
 Auto vars:     Size  Location     Type
		None
 Return value:  Size  Location     Type
                  1    wreg      void 
 Registers used:
		wreg, status,2, status,0
 Tracked objects:
		On entry : 
		On exit  : 
		Unchanged: 
 Data sizes:     COMRAM   BANK0   BANK1   BANK2   BANK3   BANK4   BANK5
      Params:         0       0       0       0       0       0       0
      Locals:         0       0       0       0       0       0       0
      Temps:          0       0       0       0       0       0       0
      Totals:         0       0       0       0       0       0       0
Total ram usage:        0 bytes
 Hardware stack levels used:    1
 This function calls:
		Nothing
 This function is called by:
		_main
		_ISR
 This function uses a non-reentrant model


 *************** function _int2_callback *****************
 Defined at:
		line 138 in file "main.c"
 Parameters:    Size  Location     Type
		None
 Auto vars:     Size  Location     Type
		None
 Return value:  Size  Location     Type
                  1    wreg      void 
 Registers used:
		wreg, status,2, cstack
 Tracked objects:
		On entry : 
		On exit  : 
		Unchanged: 
 Data sizes:     COMRAM   BANK0   BANK1   BANK2   BANK3   BANK4   BANK5
      Params:         0       0       0       0       0       0       0
      Locals:         0       0       0       0       0       0       0
      Temps:          0       0       0       0       0       0       0
      Totals:         0       0       0       0       0       0       0
Total ram usage:        0 bytes
 Hardware stack levels used:    1
 Hardware stack levels required when called:    1
 This function calls:
		_TMR3_vdReset
 This function is called by:
		_main
		_ISR
 This function uses a non-reentrant model


 *************** function _TMR3_vdReset *****************
 Defined at:
		line 52 in file "TMR3.c"
 Parameters:    Size  Location     Type
		None
 Auto vars:     Size  Location     Type
		None
 Return value:  Size  Location     Type
                  1    wreg      void 
 Registers used:
		wreg, status,2
 Tracked objects:
		On entry : 
		On exit  : 
		Unchanged: 
 Data sizes:     COMRAM   BANK0   BANK1   BANK2   BANK3   BANK4   BANK5
      Params:         0       0       0       0       0       0       0
      Locals:         0       0       0       0       0       0       0
      Temps:          0       0       0       0       0       0       0
      Totals:         0       0       0       0       0       0       0
Total ram usage:        0 bytes
 Hardware stack levels used:    1
 This function calls:
		Nothing
 This function is called by:
		_int2_callback
 This function uses a non-reentrant model


 *************** function _int1_callback *****************
 Defined at:
		line 131 in file "main.c"
 Parameters:    Size  Location     Type
		None
 Auto vars:     Size  Location     Type
		None
 Return value:  Size  Location     Type
                  1    wreg      void 
 Registers used:
		wreg, status,2, cstack
 Tracked objects:
		On entry : 
		On exit  : 
		Unchanged: 
 Data sizes:     COMRAM   BANK0   BANK1   BANK2   BANK3   BANK4   BANK5
      Params:         0       0       0       0       0       0       0
      Locals:         0       0       0       0       0       0       0
      Temps:          0       0       0       0       0       0       0
      Totals:         0       0       0       0       0       0       0
Total ram usage:        0 bytes
 Hardware stack levels used:    1
 Hardware stack levels required when called:    1
 This function calls:
		_TMR1_vdReset
 This function is called by:
		_main
		_ISR
 This function uses a non-reentrant model


 *************** function _TMR1_vdReset *****************
 Defined at:
		line 52 in file "TMR1.c"
 Parameters:    Size  Location     Type
		None
 Auto vars:     Size  Location     Type
		None
 Return value:  Size  Location     Type
                  1    wreg      void 
 Registers used:
		wreg, status,2
 Tracked objects:
		On entry : 
		On exit  : 
		Unchanged: 
 Data sizes:     COMRAM   BANK0   BANK1   BANK2   BANK3   BANK4   BANK5
      Params:         0       0       0       0       0       0       0
      Locals:         0       0       0       0       0       0       0
      Temps:          0       0       0       0       0       0       0
      Totals:         0       0       0       0       0       0       0
Total ram usage:        0 bytes
 Hardware stack levels used:    1
 This function calls:
		Nothing
 This function is called by:
		_int1_callback
 This function uses a non-reentrant model


 *************** function _int0_callback *****************
 Defined at:
		line 123 in file "main.c"
 Parameters:    Size  Location     Type
		None
 Auto vars:     Size  Location     Type
		None
 Return value:  Size  Location     Type
                  1    wreg      void 
 Registers used:
		wreg, status,2, cstack
 Tracked objects:
		On entry : 
		On exit  : 
		Unchanged: 
 Data sizes:     COMRAM   BANK0   BANK1   BANK2   BANK3   BANK4   BANK5
      Params:         0       0       0       0       0       0       0
      Locals:         0       0       0       0       0       0       0
      Temps:          0       0       0       0       0       0       0
      Totals:         0       0       0       0       0       0       0
Total ram usage:        0 bytes
 Hardware stack levels used:    1
 Hardware stack levels required when called:    1
 This function calls:
		_TMR0_vdReset
 This function is called by:
		_main
		_ISR
 This function uses a non-reentrant model


 *************** function _TMR0_vdReset *****************
 Defined at:
		line 59 in file "TMR0.c"
 Parameters:    Size  Location     Type
		None
 Auto vars:     Size  Location     Type
		None
 Return value:  Size  Location     Type
                  1    wreg      void 
 Registers used:
		wreg, status,2
 Tracked objects:
		On entry : 
		On exit  : 
		Unchanged: 
 Data sizes:     COMRAM   BANK0   BANK1   BANK2   BANK3   BANK4   BANK5
      Params:         0       0       0       0       0       0       0
      Locals:         0       0       0       0       0       0       0
      Temps:          0       0       0       0       0       0       0
      Totals:         0       0       0       0       0       0       0
Total ram usage:        0 bytes
 Hardware stack levels used:    1
 This function calls:
		Nothing
 This function is called by:
		_int0_callback
 This function uses a non-reentrant model



MODULE INFORMATION

Module		Function		Class		Link	Load	Size
TMR3.c
		_TMR3_vdSetTMR3Callback		CODE           	0DB2	0000	27
		_TMR3_vdInit   		CODE           	0A5E	0000	147
		_TMR3_vdStop   		CODE           	0F5C	0000	9
		_TMR3_vdReset  		CODE           	0F0E	0000	19

TMR3.c estimated size: 202

UART.c
		_UART_vdSendu8asASCI		CODE           	089A	0000	153
		_UART_vdSendByte		CODE           	0EC6	0000	19
		_UART_vdInit   		CODE           	0CAC	0000	53

UART.c estimated size: 225

C:\Program Files (x86)\Microchip\xc8\v2.05\pic\sources\c99\common\awmod.c
		___awmod       		CODE           	0AF0	0000	133

C:\Program Files (x86)\Microchip\xc8\v2.05\pic\sources\c99\common\awmod.c estimated size: 133

TMR1.c
		_TMR1_vdInit   		CODE           	09CA	0000	149
		_TMR1_vdStop   		CODE           	0F64	0000	9
		_TMR1_vdReset  		CODE           	0F20	0000	19
		_TMR1_vdSetTMR1Callback		CODE           	0DCC	0000	27

TMR1.c estimated size: 204

LED.c
		_LED_vdSetStatus		CODE           	0D3E	0000	41

LED.c estimated size: 41

C:\Program Files (x86)\Microchip\xc8\v2.05\pic\sources\c99\common\lwdiv.c
		___lwdiv       		CODE           	0C4C	0000	97

C:\Program Files (x86)\Microchip\xc8\v2.05\pic\sources\c99\common\lwdiv.c estimated size: 97

C:\Program Files (x86)\Microchip\xc8\v2.05\pic\sources\c99\common\awdiv.c
		___awdiv       		CODE           	0932	0000	153

C:\Program Files (x86)\Microchip\xc8\v2.05\pic\sources\c99\common\awdiv.c estimated size: 153

DIO.c
		_DIO_vdWriteDirPin		CODE           	05B6	0000	343
		_DIO_vdWritePin		CODE           	0460	0000	343
		_DIO_vdInit    		CODE           	0CE0	0000	53

DIO.c estimated size: 739

C:\Program Files (x86)\Microchip\xc8\v2.05\pic\sources\c99\common\aldiv.c
		___aldiv       		CODE           	070C	0000	225

C:\Program Files (x86)\Microchip\xc8\v2.05\pic\sources\c99\common\aldiv.c estimated size: 225

TMR0.c
		_TMR0_vdInit   		CODE           	07EC	0000	175
		_TMR0_vdStop   		CODE           	0F6C	0000	9
		_TMR0_vdReset  		CODE           	0EB2	0000	19
		_TMR0_vdSetTMR0Callback		CODE           	0DE6	0000	27

TMR0.c estimated size: 230

shared
		__initialization		CODE           	0BE6	0000	89

shared estimated size: 89

ADC.c
		_ADC_vdInit    		CODE           	0E00	0000	25
		_ADC_u16getValue		CODE           	0B74	0000	115

ADC.c estimated size: 140

C:\Program Files (x86)\Microchip\xc8\v2.05\pic\sources\c99\common\Umul16.c
		___wmul        		CODE           	0D14	0000	43

C:\Program Files (x86)\Microchip\xc8\v2.05\pic\sources\c99\common\Umul16.c estimated size: 43

INT.c
		_ISR           		CODE           	0008	0000	287
		_INT_vdinit    		CODE           	0D66	0000	39
		_INT_vdSetINT0Callback		CODE           	0F4E	0000	15
		_INT_vdSetTMR0Callback		CODE           	0E44	0000	23
		_INT_vdSetINT1Callback		CODE           	0F40	0000	15
		_INT_vdSetTMR1Callback		CODE           	0E2E	0000	23
		_INT_vdSetINT2Callback		CODE           	0F32	0000	15
		_INT_vdSetTMR3Callback		CODE           	0E18	0000	23

INT.c estimated size: 440

main.c
		_int1_callback 		CODE           	0E70	0000	23
		_tmr1_callback 		CODE           	0EEA	0000	19
		_int2_callback 		CODE           	0E5A	0000	23
		_tmr3_callback 		CODE           	0ED8	0000	19
		_main          		CODE           	012A	0000	823
		_int0_callback 		CODE           	0E86	0000	23
		_tmr0_callback 		CODE           	0EFC	0000	19

main.c estimated size: 949

