Microchip MPLAB XC8 Compiler V2.05 ()

Linker command line:

-W-3 --edf=C:\Program Files (x86)\Microchip\xc8\v2.05\pic\dat\en_msgs.txt \
  -cs -h+dist/default/production\PIC18F452.production.sym \
  --cmf=dist/default/production\PIC18F452.production.cmf -z -Q18F452 \
  -oC:\Users\SC026~1.AMM\AppData\Local\Temp\sv8o.2 --defsym=__MPLAB_BUILD=1 \
  -Mdist/default/production/PIC18F452.production.map -E1 -ver=XC8 \
  --acfsm=1493 -ASTACK=080h-05FFh -pstack=STACK -ACODE=00h-03FFFhx2 \
  -ACONST=00h-07FFFh -ASMALLCONST=0600h-06FFhx122 \
  -AMEDIUMCONST=0600h-07FFFh -ACOMRAM=01h-07Fh -AABS1=00h-05FFh \
  -ABIGRAM=01h-05FFh -ARAM=080h-0FFh,0100h-01FFhx5 -ABANK0=080h-0FFh \
  -ABANK1=0100h-01FFh -ABANK2=0200h-02FFh -ABANK3=0300h-03FFh \
  -ABANK4=0400h-04FFh -ABANK5=0500h-05FFh -ASFR=0F80h-0FFFh \
  -preset_vec=00h,intcode=08h,intcodelo,powerup,init -pramtop=0600h \
  -psmallconst=SMALLCONST -pmediumconst=MEDIUMCONST -pconst=CONST \
  -AFARRAM=00h-00h -ACONFIG=0300000h-030000Dh -pconfig=CONFIG \
  -AIDLOC=0200000h-0200007h -pidloc=IDLOC -AEEDATA=0F00000h-0F000FFh \
  -peeprom_data=EEDATA \
  -prdata=COMRAM,nvrram=COMRAM,nvbit=COMRAM,rbss=COMRAM,rbit=COMRAM \
  -pfarbss=FARRAM,fardata=FARRAM,nvFARRAM=FARRAM \
  -pintsave_regs=BIGRAM,bigbss=BIGRAM,bigdata=BIGRAM -pbss=RAM \
  -pidata=CODE,irdata=CODE,ibigdata=CODE,ifardata=CODE -prparam=COMRAM \
  C:\Users\SC026~1.AMM\AppData\Local\Temp\sv8o.o \
  dist/default/production\PIC18F452.production.o 

Object code version is 3.11

Machine type is 18F452

Call graph: (short form)




                Name                               Link     Load   Length Selector   Space Scale
C:\Users\SC026~1.AMM\AppData\Local\Temp\sv8o.o
                text                                2A8      2A8        2        4       0
                init                                 64       64        4        4       0
                reset_vec                             0        0        6        0       0
                idloc                            200000   200000        8   200000       0
                config                           300000   300000        E   300000       0
dist/default/production\PIC18F452.production.o
                intcode                               8        8       5C        4       0
                temp                                 38       38        1        1       1
                text8                               122      122       7A        4       0
                text7                               238      238       24        4       0
                text6                               288      288       12        4       0
                text4                                68       68       BA        4       0
                text3                               1D6      1D6       34        4       0
                text2                               29A      29A        E        4       0
                text1                               272      272       16        4       0
                text0                               20A      20A       2E        4       0
                cstackCOMRAM                         17       17       11        1       1
                dataCOMRAM                            1        1       16        1       1
                bssCOMRAM                            28       28       10        1       1
                cinit                               19C      19C       3A        4       0
                idataCOMRAM                         25C      25C       16        4       0

TOTAL           Name                               Link     Load   Length     Space
        CLASS   STACK          

        CLASS   CODE           
                intcode                               8        8       5C         0
                text                                2A8      2A8        2         0
                init                                 64       64        4         0
                reset_vec                             0        0        6         0
                text8                               122      122       7A         0
                text7                               238      238       24         0
                text6                               288      288       12         0
                text4                                68       68       BA         0
                text3                               1D6      1D6       34         0
                text2                               29A      29A        E         0
                text1                               272      272       16         0
                text0                               20A      20A       2E         0
                cinit                               19C      19C       3A         0
                idataCOMRAM                         25C      25C       16         0

        CLASS   CONST          

        CLASS   SMALLCONST     

        CLASS   MEDIUMCONST    

        CLASS   COMRAM         
                temp                                 38       38        1         1
                cstackCOMRAM                         17       17       11         1
                dataCOMRAM                            1        1       16         1
                bssCOMRAM                            28       28       10         1

        CLASS   ABS1           

        CLASS   BIGRAM         

        CLASS   RAM            

        CLASS   BANK0          

        CLASS   BANK1          

        CLASS   BANK2          

        CLASS   BANK3          

        CLASS   BANK4          

        CLASS   BANK5          

        CLASS   SFR            

        CLASS   FARRAM         

        CLASS   CONFIG         
                config                           300000   300000        E         0

        CLASS   IDLOC          
                idloc                            200000   200000        8         0

        CLASS   EEDATA         



SEGMENTS        Name                           Load    Length   Top    Selector   Space  Class

                reset_vec                      000000  000006  000006         0       0  CODE    
                dataCOMRAM                     000001  000038  000039         1       1  COMRAM  
                intcode                        000008  0002A2  0002AA         4       0  CODE    
                idloc                          200000  000008  200008    200000       0  IDLOC   
                config                         300000  00000E  30000E    300000       0  CONFIG  


UNUSED ADDRESS RANGES

        Name                Unused          Largest block    Delta
        BANK0            000080-0000FF               80
        BANK1            000100-0001FF              100
        BANK2            000200-0002FF              100
        BANK3            000300-0003FF              100
        BANK4            000400-0004FF              100
        BANK5            000500-0005FF              100
        BIGRAM           000039-0005FF              5C7
        CODE             000006-000007                2
                         0002AA-007FFF             3D56
        COMRAM           000039-00007F               47
        CONST            000006-000007                2
                         0002AA-007FFF             7D56
        EEDATA           F00000-F000FF              100
        MEDIUMCONST      000600-007FFF             7A00
        RAM              000080-0005FF              100
        SFR              000F80-000FFF               80
        SMALLCONST       000600-007FFF              100
        STACK            000080-0005FF              580

                                  Symbol Table

DIO_vdInit@dev                                                cstackCOMRAM 000026
DIO_vdWriteDirPin@data                                        cstackCOMRAM 000025
DIO_vdWriteDirPin@pin                                         cstackCOMRAM 000022
DIO_vdWriteDirPin@port                                        cstackCOMRAM 000021
DIO_vdtogglePin@pin                                           cstackCOMRAM 000017
DIO_vdtogglePin@port                                          cstackCOMRAM 00001A
INT@callback_INTonChange                                      bssCOMRAM    000030
INT_vdSetINTOnChangeCallback@pf                               cstackCOMRAM 000021
LED_vdtoggle@led                                              cstackCOMRAM 00001B
_BTN0                                                         dataCOMRAM   000009
_DIO_vdInit                                                   text3        0001D6
_DIO_vdWriteDirPin                                            text4        000068
_DIO_vdtogglePin                                              text8        000122
_INT0IF                                                       (abs)        007F91
_INT1IF                                                       (abs)        007F80
_INT2IF                                                       (abs)        007F81
_INTCON1bits                                                  (abs)        000FF2
_INTCON2bits                                                  (abs)        000FF1
_INTCON3bits                                                  (abs)        000FF0
_INT_vdSetINTOnChangeCallback                                 text2        00029A
_INT_vdinit                                                   text1        000272
_ISR                                                          intcode      000008
_LED0                                                         dataCOMRAM   000010
_LED_vdtoggle                                                 text7        000238
_RBIF                                                         (abs)        007F90
__CFG_BOR$ON                                                  (abs)        000000
__CFG_BORV$20                                                 (abs)        000000
__CFG_CCP2MUX$ON                                              (abs)        000000
__CFG_CP0$OFF                                                 (abs)        000000
__CFG_CP1$OFF                                                 (abs)        000000
__CFG_CP2$OFF                                                 (abs)        000000
__CFG_CP3$OFF                                                 (abs)        000000
__CFG_CPB$OFF                                                 (abs)        000000
__CFG_CPD$OFF                                                 (abs)        000000
__CFG_EBTR0$OFF                                               (abs)        000000
__CFG_EBTR1$OFF                                               (abs)        000000
__CFG_EBTR2$OFF                                               (abs)        000000
__CFG_EBTR3$OFF                                               (abs)        000000
__CFG_EBTRB$OFF                                               (abs)        000000
__CFG_LVP$OFF                                                 (abs)        000000
__CFG_OSC$XT                                                  (abs)        000000
__CFG_OSCS$OFF                                                (abs)        000000
__CFG_PWRT$OFF                                                (abs)        000000
__CFG_STVR$ON                                                 (abs)        000000
__CFG_WDT$OFF                                                 (abs)        000000
__CFG_WDTPS$128                                               (abs)        000000
__CFG_WRT0$OFF                                                (abs)        000000
__CFG_WRT1$OFF                                                (abs)        000000
__CFG_WRT2$OFF                                                (abs)        000000
__CFG_WRT3$OFF                                                (abs)        000000
__CFG_WRTB$OFF                                                (abs)        000000
__CFG_WRTC$OFF                                                (abs)        000000
__CFG_WRTD$OFF                                                (abs)        000000
__HRAM                                                        (abs)        000000
__Habs1                                                       abs1         000000
__Hbank0                                                      bank0        000000
__Hbank1                                                      bank1        000000
__Hbank2                                                      bank2        000000
__Hbank3                                                      bank3        000000
__Hbank4                                                      bank4        000000
__Hbank5                                                      bank5        000000
__Hbigbss                                                     bigbss       000000
__Hbigdata                                                    bigdata      000000
__Hbigram                                                     bigram       000000
__Hbss                                                        bss          000000
__HbssCOMRAM                                                  bssCOMRAM    000000
__Hcinit                                                      cinit        000000
__Hclrtext                                                    clrtext      000000
__Hcomram                                                     comram       000000
__Hconfig                                                     config       30000E
__Hconst                                                      const        000000
__HcstackCOMRAM                                               cstackCOMRAM 000000
__Hdata                                                       data         000000
__HdataCOMRAM                                                 dataCOMRAM   000000
__Heeprom_data                                                eeprom_data  000000
__Hfarbss                                                     farbss       000000
__Hfardata                                                    fardata      000000
__Hibigdata                                                   ibigdata     000000
__Hidata                                                      idata        000000
__HidataCOMRAM                                                idataCOMRAM  000000
__Hidloc                                                      idloc        200008
__Hifardata                                                   ifardata     000000
__Hinit                                                       init         000068
__Hintcode                                                    intcode      000064
__Hintcode_body                                               intcode_body 000000
__Hintcodelo                                                  intcodelo    000064
__Hintentry                                                   intentry     000000
__Hintret                                                     intret       000000
__Hintsave_regs                                               intsave_regs 000000
__Hirdata                                                     irdata       000000
__Hmediumconst                                                mediumconst  000000
__HnvFARRAM                                                   nvFARRAM     000000
__Hnvbit                                                      nvbit        000000
__Hnvrram                                                     nvrram       000000
__Hparam                                                      rparam       000000
__Hpowerup                                                    powerup      000064
__Hram                                                        ram          000000
__Hramtop                                                     ramtop       000600
__Hrbit                                                       rbit         000000
__Hrbss                                                       rbss         000000
__Hrdata                                                      rdata        000000
__Hreset_vec                                                  reset_vec    000006
__Hrparam                                                     rparam       000000
__Hsfr                                                        sfr          000000
__Hsmallconst                                                 smallconst   000000
__Hspace_0                                                    (abs)        30000E
__Hspace_1                                                    (abs)        000039
__Hspace_2                                                    (abs)        000000
__Hstack                                                      stack        000000
__Hstruct                                                     struct       000000
__Htemp                                                       temp         000039
__Htext                                                       text         000000
__Htext0                                                      text0        000000
__Htext1                                                      text1        000000
__Htext2                                                      text2        000000
__Htext3                                                      text3        000000
__Htext4                                                      text4        000000
__Htext6                                                      text6        000000
__Htext7                                                      text7        000000
__Htext8                                                      text8        000000
__Htext9                                                      text9        000000
__LRAM                                                        (abs)        000001
__Labs1                                                       abs1         000000
__Lbank0                                                      bank0        000000
__Lbank1                                                      bank1        000000
__Lbank2                                                      bank2        000000
__Lbank3                                                      bank3        000000
__Lbank4                                                      bank4        000000
__Lbank5                                                      bank5        000000
__Lbigbss                                                     bigbss       000000
__Lbigdata                                                    bigdata      000000
__Lbigram                                                     bigram       000000
__Lbss                                                        bss          000000
__LbssCOMRAM                                                  bssCOMRAM    000000
__Lcinit                                                      cinit        000000
__Lclrtext                                                    clrtext      000000
__Lcomram                                                     comram       000000
__Lconfig                                                     config       300000
__Lconst                                                      const        000000
__LcstackCOMRAM                                               cstackCOMRAM 000000
__Ldata                                                       data         000000
__LdataCOMRAM                                                 dataCOMRAM   000000
__Leeprom_data                                                eeprom_data  000000
__Lfarbss                                                     farbss       000000
__Lfardata                                                    fardata      000000
__Libigdata                                                   ibigdata     000000
__Lidata                                                      idata        000000
__LidataCOMRAM                                                idataCOMRAM  000000
__Lidloc                                                      idloc        200000
__Lifardata                                                   ifardata     000000
__Linit                                                       init         000064
__Lintcode                                                    intcode      000008
__Lintcode_body                                               intcode_body 000000
__Lintcodelo                                                  intcodelo    000064
__Lintentry                                                   intentry     000000
__Lintret                                                     intret       000000
__Lintsave_regs                                               intsave_regs 000000
__Lirdata                                                     irdata       000000
__Lmediumconst                                                mediumconst  000000
__LnvFARRAM                                                   nvFARRAM     000000
__Lnvbit                                                      nvbit        000000
__Lnvrram                                                     nvrram       000000
__Lparam                                                      rparam       000000
__Lpowerup                                                    powerup      000064
__Lram                                                        ram          000000
__Lramtop                                                     ramtop       000600
__Lrbit                                                       rbit         000000
__Lrbss                                                       rbss         000000
__Lrdata                                                      rdata        000000
__Lreset_vec                                                  reset_vec    000000
__Lrparam                                                     rparam       000000
__Lsfr                                                        sfr          000000
__Lsmallconst                                                 smallconst   000000
__Lspace_0                                                    (abs)        000000
__Lspace_1                                                    (abs)        000000
__Lspace_2                                                    (abs)        000000
__Lstack                                                      stack        000000
__Lstruct                                                     struct       000000
__Ltemp                                                       temp         000038
__Ltext                                                       text         000000
__Ltext0                                                      text0        000000
__Ltext1                                                      text1        000000
__Ltext2                                                      text2        000000
__Ltext3                                                      text3        000000
__Ltext4                                                      text4        000000
__Ltext6                                                      text6        000000
__Ltext7                                                      text7        000000
__Ltext8                                                      text8        000000
__Ltext9                                                      text9        000000
__S0                                                          (abs)        30000E
__S1                                                          (abs)        000039
__S2                                                          (abs)        000000
___inthi_sp                                                   stack        000000
___intlo_sp                                                   stack        000000
___param_bank                                                 (abs)        000000
___rparam_used                                                (abs)        000001
___sp                                                         stack        000000
__accesstop                                                   (abs)        000080
__activetblptr                                                (abs)        000002
__cntErrataNOP_C:\Users\SC026~1.AMM\AppData\Local\Temp\sv8o.o (abs)        000001
__cntErrataNOP_dist/default/production\PIC18F452.production.o (abs)        000022
__end_of_DIO_vdInit                                           text3        00020A
__end_of_DIO_vdWriteDirPin                                    text4        000122
__end_of_DIO_vdtogglePin                                      text8        00019A
__end_of_INT_vdSetINTOnChangeCallback                         text2        0002A8
__end_of_INT_vdinit                                           text1        000288
__end_of_ISR                                                  intcode      000064
__end_of_LED_vdtoggle                                         text7        00025C
__end_of__initialization                                      cinit        0001C8
__end_of_callback_INTonChange                                 text6        00029A
__end_of_main                                                 text0        000238
__initialization                                              cinit        00019C
__mediumconst                                                 mediumconst  000000
__pbssCOMRAM                                                  bssCOMRAM    000028
__pcinit                                                      cinit        00019C
__pcstackCOMRAM                                               cstackCOMRAM 000017
__pdataCOMRAM                                                 dataCOMRAM   000001
__pidataCOMRAM                                                idataCOMRAM  00025C
__pintcode                                                    intcode      000008
__ptext0                                                      text0        00020A
__ptext1                                                      text1        000272
__ptext2                                                      text2        00029A
__ptext3                                                      text3        0001D6
__ptext4                                                      text4        000068
__ptext6                                                      text6        000288
__ptext7                                                      text7        000238
__ptext8                                                      text8        000122
__ptext9                                                      text9        000000
__ramtop                                                      ramtop       000600
__size_of_DIO_vdInit                                          (abs)        000000
__size_of_DIO_vdWriteDirPin                                   (abs)        000000
__size_of_DIO_vdtogglePin                                     (abs)        000000
__size_of_INT_vdSetINTOnChangeCallback                        (abs)        000000
__size_of_INT_vdinit                                          (abs)        000000
__size_of_ISR                                                 (abs)        000000
__size_of_LED_vdtoggle                                        (abs)        000000
__size_of_callback_INTonChange                                (abs)        000000
__size_of_main                                                (abs)        000000
__smallconst                                                  smallconst   000000
_callback_INT0                                                bssCOMRAM    000036
_callback_INT1                                                bssCOMRAM    000034
_callback_INT2                                                bssCOMRAM    000032
_callback_INTonChange                                         text6        000288
_main                                                         text0        00020A
_p_PORTAdata                                                  dataCOMRAM   000007
_p_PORTAdirection                                             dataCOMRAM   000005
_p_PORTBdata                                                  dataCOMRAM   000003
_p_PORTBdirection                                             dataCOMRAM   000001
btemp                                                         temp         000038
end_of_initialization                                         cinit        0001C8
int$flags                                                     temp         000038
intlevel0                                                     text         0002A8
intlevel1                                                     text         0002A8
intlevel2                                                     text         0002A8
intlevel3                                                     text         0002A8
stackhi                                                       (abs)        0005FF
stacklo                                                       (abs)        000080
start                                                         init         000064
start_initialization                                          cinit        00019C
ttemp5                                                        temp         000039
ttemp6                                                        temp         00003C
ttemp7                                                        temp         000040
wtemp8                                                        temp         000039


FUNCTION INFORMATION:

 *************** function _main *****************
 Defined at:
		line 24 in file "main.c"
 Parameters:    Size  Location     Type
		None
 Auto vars:     Size  Location     Type
		None
 Return value:  Size  Location     Type
                  1    wreg      void 
 Registers used:
		wreg, fsr2l, fsr2h, status,2, status,0, cstack
 Tracked objects:
		On entry : 
		On exit  : 
		Unchanged: 
 Data sizes:     COMRAM   BANK0   BANK1   BANK2   BANK3   BANK4   BANK5
      Params:         0       0       0       0       0       0       0
      Locals:         0       0       0       0       0       0       0
      Temps:          0       0       0       0       0       0       0
      Totals:         0       0       0       0       0       0       0
Total ram usage:        0 bytes
 Hardware stack levels required when called:    6
 This function calls:
		_DIO_vdInit
		_INT_vdSetINTOnChangeCallback
		_INT_vdinit
 This function is called by:
		Startup code after reset
 This function uses a non-reentrant model


 *************** function _INT_vdinit *****************
 Defined at:
		line 16 in file "INT.c"
 Parameters:    Size  Location     Type
		None
 Auto vars:     Size  Location     Type
		None
 Return value:  Size  Location     Type
                  1    wreg      void 
 Registers used:
		None
 Tracked objects:
		On entry : 
		On exit  : 
		Unchanged: 
 Data sizes:     COMRAM   BANK0   BANK1   BANK2   BANK3   BANK4   BANK5
      Params:         0       0       0       0       0       0       0
      Locals:         0       0       0       0       0       0       0
      Temps:          0       0       0       0       0       0       0
      Totals:         0       0       0       0       0       0       0
Total ram usage:        0 bytes
 Hardware stack levels used:    1
 Hardware stack levels required when called:    4
 This function calls:
		Nothing
 This function is called by:
		_main
 This function uses a non-reentrant model


 *************** function _INT_vdSetINTOnChangeCallback *****************
 Defined at:
		line 41 in file "INT.c"
 Parameters:    Size  Location     Type
  pf              2   10[COMRAM] PTR FTN()void 
		 -> callback_INTonChange(1), 
 Auto vars:     Size  Location     Type
		None
 Return value:  Size  Location     Type
                  1    wreg      void 
 Registers used:
		wreg, status,2, status,0
 Tracked objects:
		On entry : 
		On exit  : 
		Unchanged: 
 Data sizes:     COMRAM   BANK0   BANK1   BANK2   BANK3   BANK4   BANK5
      Params:         2       0       0       0       0       0       0
      Locals:         0       0       0       0       0       0       0
      Temps:          0       0       0       0       0       0       0
      Totals:         2       0       0       0       0       0       0
Total ram usage:        2 bytes
 Hardware stack levels used:    1
 Hardware stack levels required when called:    4
 This function calls:
		Nothing
 This function is called by:
		_main
 This function uses a non-reentrant model


 *************** function _DIO_vdInit *****************
 Defined at:
		line 15 in file "DIO.c"
 Parameters:    Size  Location     Type
  dev             2   15[COMRAM] PTR struct .
		 -> BTN0(7), LED0(7), 
 Auto vars:     Size  Location     Type
		None
 Return value:  Size  Location     Type
                  1    wreg      void 
 Registers used:
		wreg, fsr2l, fsr2h, status,2, status,0, cstack
 Tracked objects:
		On entry : 
		On exit  : 
		Unchanged: 
 Data sizes:     COMRAM   BANK0   BANK1   BANK2   BANK3   BANK4   BANK5
      Params:         2       0       0       0       0       0       0
      Locals:         0       0       0       0       0       0       0
      Temps:          0       0       0       0       0       0       0
      Totals:         2       0       0       0       0       0       0
Total ram usage:        2 bytes
 Hardware stack levels used:    1
 Hardware stack levels required when called:    5
 This function calls:
		_DIO_vdWriteDirPin
 This function is called by:
		_main
 This function uses a non-reentrant model


 *************** function _DIO_vdWriteDirPin *****************
 Defined at:
		line 38 in file "DIO.c"
 Parameters:    Size  Location     Type
  data            1    wreg     unsigned char 
  port            1   10[COMRAM] unsigned char 
  pin             1   11[COMRAM] unsigned char 
 Auto vars:     Size  Location     Type
  data            1   14[COMRAM] unsigned char 
 Return value:  Size  Location     Type
                  1    wreg      void 
 Registers used:
		wreg, status,2, status,0
 Tracked objects:
		On entry : 
		On exit  : 
		Unchanged: 
 Data sizes:     COMRAM   BANK0   BANK1   BANK2   BANK3   BANK4   BANK5
      Params:         2       0       0       0       0       0       0
      Locals:         1       0       0       0       0       0       0
      Temps:          2       0       0       0       0       0       0
      Totals:         5       0       0       0       0       0       0
Total ram usage:        5 bytes
 Hardware stack levels used:    1
 Hardware stack levels required when called:    4
 This function calls:
		Nothing
 This function is called by:
		_DIO_vdInit
 This function uses a non-reentrant model


 *************** function _ISR *****************
 Defined at:
		line 45 in file "INT.c"
 Parameters:    Size  Location     Type
		None
 Auto vars:     Size  Location     Type
		None
 Return value:  Size  Location     Type
                  1    wreg      void 
 Registers used:
		wreg, fsr2l, fsr2h, status,2, status,0, pclath, tosl, cstack
 Tracked objects:
		On entry : 
		On exit  : 
		Unchanged: 
 Data sizes:     COMRAM   BANK0   BANK1   BANK2   BANK3   BANK4   BANK5
      Params:         0       0       0       0       0       0       0
      Locals:         0       0       0       0       0       0       0
      Temps:          4       0       0       0       0       0       0
      Totals:         4       0       0       0       0       0       0
Total ram usage:        4 bytes
 Hardware stack levels used:    1
 Hardware stack levels required when called:    3
 This function calls:
		Absolute function
		_callback_INTonChange
 This function is called by:
		Interrupt level 2
 This function uses a non-reentrant model


 *************** function _callback_INTonChange *****************
 Defined at:
		line 43 in file "main.c"
 Parameters:    Size  Location     Type
		None
 Auto vars:     Size  Location     Type
		None
 Return value:  Size  Location     Type
                  1    wreg      void 
 Registers used:
		wreg, fsr2l, fsr2h, status,2, status,0, cstack
 Tracked objects:
		On entry : 
		On exit  : 
		Unchanged: 
 Data sizes:     COMRAM   BANK0   BANK1   BANK2   BANK3   BANK4   BANK5
      Params:         0       0       0       0       0       0       0
      Locals:         0       0       0       0       0       0       0
      Temps:          0       0       0       0       0       0       0
      Totals:         0       0       0       0       0       0       0
Total ram usage:        0 bytes
 Hardware stack levels used:    1
 Hardware stack levels required when called:    2
 This function calls:
		_LED_vdtoggle
 This function is called by:
		_main
		_ISR
 This function uses a non-reentrant model


 *************** function _LED_vdtoggle *****************
 Defined at:
		line 21 in file "LED.c"
 Parameters:    Size  Location     Type
  led             2    4[COMRAM] PTR struct .
		 -> LED0(7), 
 Auto vars:     Size  Location     Type
		None
 Return value:  Size  Location     Type
                  1    wreg      void 
 Registers used:
		wreg, fsr2l, fsr2h, status,2, status,0, cstack
 Tracked objects:
		On entry : 
		On exit  : 
		Unchanged: 
 Data sizes:     COMRAM   BANK0   BANK1   BANK2   BANK3   BANK4   BANK5
      Params:         2       0       0       0       0       0       0
      Locals:         0       0       0       0       0       0       0
      Temps:          0       0       0       0       0       0       0
      Totals:         2       0       0       0       0       0       0
Total ram usage:        2 bytes
 Hardware stack levels used:    1
 Hardware stack levels required when called:    1
 This function calls:
		_DIO_vdtogglePin
 This function is called by:
		_callback_INTonChange
 This function uses a non-reentrant model


 *************** function _DIO_vdtogglePin *****************
 Defined at:
		line 74 in file "DIO.c"
 Parameters:    Size  Location     Type
  port            1    wreg     unsigned char 
  pin             1    0[COMRAM] unsigned char 
 Auto vars:     Size  Location     Type
  port            1    3[COMRAM] unsigned char 
 Return value:  Size  Location     Type
                  1    wreg      void 
 Registers used:
		wreg, fsr2l, fsr2h, status,2, status,0
 Tracked objects:
		On entry : 
		On exit  : 
		Unchanged: 
 Data sizes:     COMRAM   BANK0   BANK1   BANK2   BANK3   BANK4   BANK5
      Params:         1       0       0       0       0       0       0
      Locals:         1       0       0       0       0       0       0
      Temps:          2       0       0       0       0       0       0
      Totals:         4       0       0       0       0       0       0
Total ram usage:        4 bytes
 Hardware stack levels used:    1
 This function calls:
		Nothing
 This function is called by:
		_LED_vdtoggle
 This function uses a non-reentrant model



MODULE INFORMATION

Module		Function		Class		Link	Load	Size
LED.c
		_LED_vdtoggle  		CODE           	0238	0000	37

LED.c estimated size: 37

DIO.c
		_DIO_vdWriteDirPin		CODE           	0068	0000	187
		_DIO_vdInit    		CODE           	01D6	0000	53
		_DIO_vdtogglePin		CODE           	0122	0000	121

DIO.c estimated size: 361

shared
		__initialization		CODE           	019C	0000	45

shared estimated size: 45

INT.c
		_ISR           		CODE           	0008	0000	93
		_INT_vdinit    		CODE           	0272	0000	23
		_INT_vdSetINTOnChangeCallback		CODE           	029A	0000	15

INT.c estimated size: 131

main.c
		_callback_INTonChange		CODE           	0288	0000	19
		_main          		CODE           	020A	0000	47

main.c estimated size: 66

